Archive member included to satisfy reference by file (symbol)

D:/Installed Software/STM32CubeIDE_1.19.0/STM32CubeIDE/plugins/com.st.stm32cube.ide.mcu.externaltools.gnu-tools-for-stm32.14.3.rel1.win32_1.0.100.202602081740/tools/bin/../lib/gcc/arm-none-eabi/14.3.1/../../../../arm-none-eabi/lib/thumb/v7e-m+fp/hard\libc_nano.a(libc_a-exit.o)
                              D:/Installed Software/STM32CubeIDE_1.19.0/STM32CubeIDE/plugins/com.st.stm32cube.ide.mcu.externaltools.gnu-tools-for-stm32.14.3.rel1.win32_1.0.100.202602081740/tools/bin/../lib/gcc/arm-none-eabi/14.3.1/../../../../arm-none-eabi/lib/thumb/v7e-m+fp/hard/crt0.o (exit)
D:/Installed Software/STM32CubeIDE_1.19.0/STM32CubeIDE/plugins/com.st.stm32cube.ide.mcu.externaltools.gnu-tools-for-stm32.14.3.rel1.win32_1.0.100.202602081740/tools/bin/../lib/gcc/arm-none-eabi/14.3.1/../../../../arm-none-eabi/lib/thumb/v7e-m+fp/hard\libc_nano.a(libc_a-findfp.o)
                              D:/Installed Software/STM32CubeIDE_1.19.0/STM32CubeIDE/plugins/com.st.stm32cube.ide.mcu.externaltools.gnu-tools-for-stm32.14.3.rel1.win32_1.0.100.202602081740/tools/bin/../lib/gcc/arm-none-eabi/14.3.1/../../../../arm-none-eabi/lib/thumb/v7e-m+fp/hard\libc_nano.a(libc_a-exit.o) (__stdio_exit_handler)
D:/Installed Software/STM32CubeIDE_1.19.0/STM32CubeIDE/plugins/com.st.stm32cube.ide.mcu.externaltools.gnu-tools-for-stm32.14.3.rel1.win32_1.0.100.202602081740/tools/bin/../lib/gcc/arm-none-eabi/14.3.1/../../../../arm-none-eabi/lib/thumb/v7e-m+fp/hard\libc_nano.a(libc_a-fwalk.o)
                              D:/Installed Software/STM32CubeIDE_1.19.0/STM32CubeIDE/plugins/com.st.stm32cube.ide.mcu.externaltools.gnu-tools-for-stm32.14.3.rel1.win32_1.0.100.202602081740/tools/bin/../lib/gcc/arm-none-eabi/14.3.1/../../../../arm-none-eabi/lib/thumb/v7e-m+fp/hard\libc_nano.a(libc_a-findfp.o) (_fwalk_sglue)
D:/Installed Software/STM32CubeIDE_1.19.0/STM32CubeIDE/plugins/com.st.stm32cube.ide.mcu.externaltools.gnu-tools-for-stm32.14.3.rel1.win32_1.0.100.202602081740/tools/bin/../lib/gcc/arm-none-eabi/14.3.1/../../../../arm-none-eabi/lib/thumb/v7e-m+fp/hard\libc_nano.a(libc_a-stdio.o)
                              D:/Installed Software/STM32CubeIDE_1.19.0/STM32CubeIDE/plugins/com.st.stm32cube.ide.mcu.externaltools.gnu-tools-for-stm32.14.3.rel1.win32_1.0.100.202602081740/tools/bin/../lib/gcc/arm-none-eabi/14.3.1/../../../../arm-none-eabi/lib/thumb/v7e-m+fp/hard\libc_nano.a(libc_a-findfp.o) (__sread)
D:/Installed Software/STM32CubeIDE_1.19.0/STM32CubeIDE/plugins/com.st.stm32cube.ide.mcu.externaltools.gnu-tools-for-stm32.14.3.rel1.win32_1.0.100.202602081740/tools/bin/../lib/gcc/arm-none-eabi/14.3.1/../../../../arm-none-eabi/lib/thumb/v7e-m+fp/hard\libc_nano.a(libc_a-vsnprintf.o)
                              ./Core/Src/debug.o (vsnprintf)
D:/Installed Software/STM32CubeIDE_1.19.0/STM32CubeIDE/plugins/com.st.stm32cube.ide.mcu.externaltools.gnu-tools-for-stm32.14.3.rel1.win32_1.0.100.202602081740/tools/bin/../lib/gcc/arm-none-eabi/14.3.1/../../../../arm-none-eabi/lib/thumb/v7e-m+fp/hard\libc_nano.a(libc_a-memset.o)
                              D:/Installed Software/STM32CubeIDE_1.19.0/STM32CubeIDE/plugins/com.st.stm32cube.ide.mcu.externaltools.gnu-tools-for-stm32.14.3.rel1.win32_1.0.100.202602081740/tools/bin/../lib/gcc/arm-none-eabi/14.3.1/../../../../arm-none-eabi/lib/thumb/v7e-m+fp/hard/crt0.o (memset)
D:/Installed Software/STM32CubeIDE_1.19.0/STM32CubeIDE/plugins/com.st.stm32cube.ide.mcu.externaltools.gnu-tools-for-stm32.14.3.rel1.win32_1.0.100.202602081740/tools/bin/../lib/gcc/arm-none-eabi/14.3.1/../../../../arm-none-eabi/lib/thumb/v7e-m+fp/hard\libc_nano.a(libc_a-closer.o)
                              D:/Installed Software/STM32CubeIDE_1.19.0/STM32CubeIDE/plugins/com.st.stm32cube.ide.mcu.externaltools.gnu-tools-for-stm32.14.3.rel1.win32_1.0.100.202602081740/tools/bin/../lib/gcc/arm-none-eabi/14.3.1/../../../../arm-none-eabi/lib/thumb/v7e-m+fp/hard\libc_nano.a(libc_a-stdio.o) (_close_r)
D:/Installed Software/STM32CubeIDE_1.19.0/STM32CubeIDE/plugins/com.st.stm32cube.ide.mcu.externaltools.gnu-tools-for-stm32.14.3.rel1.win32_1.0.100.202602081740/tools/bin/../lib/gcc/arm-none-eabi/14.3.1/../../../../arm-none-eabi/lib/thumb/v7e-m+fp/hard\libc_nano.a(libc_a-reent.o)
                              D:/Installed Software/STM32CubeIDE_1.19.0/STM32CubeIDE/plugins/com.st.stm32cube.ide.mcu.externaltools.gnu-tools-for-stm32.14.3.rel1.win32_1.0.100.202602081740/tools/bin/../lib/gcc/arm-none-eabi/14.3.1/../../../../arm-none-eabi/lib/thumb/v7e-m+fp/hard\libc_nano.a(libc_a-closer.o) (errno)
D:/Installed Software/STM32CubeIDE_1.19.0/STM32CubeIDE/plugins/com.st.stm32cube.ide.mcu.externaltools.gnu-tools-for-stm32.14.3.rel1.win32_1.0.100.202602081740/tools/bin/../lib/gcc/arm-none-eabi/14.3.1/../../../../arm-none-eabi/lib/thumb/v7e-m+fp/hard\libc_nano.a(libc_a-impure.o)
[...]
Memory Configuration

Name             Origin             Length             Attributes
RAM              0x20000000         0x00008000         xrw
FLASH            0x08000000         0x00020000         xr
*default*        0x00000000         0xffffffff

Linker script and memory map

LOAD D:/Installed Software/STM32CubeIDE_1.19.0/STM32CubeIDE/plugins/com.st.stm32cube.ide.mcu.externaltools.gnu-tools-for-stm32.14.3.rel1.win32_1.0.100.202602081740/tools/bin/../lib/gcc/arm-none-eabi/14.3.1/thumb/v7e-m+fp/hard/crti.o
LOAD D:/Installed Software/STM32CubeIDE_1.19.0/STM32CubeIDE/plugins/com.st.stm32cube.ide.mcu.externaltools.gnu-tools-for-stm32.14.3.rel1.win32_1.0.100.202602081740/tools/bin/../lib/gcc/arm-none-eabi/14.3.1/thumb/v7e-m+fp/hard/crtbegin.o
LOAD D:/Installed Software/STM32CubeIDE_1.19.0/STM32CubeIDE/plugins/com.st.stm32cube.ide.mcu.externaltools.gnu-tools-for-stm32.14.3.rel1.win32_1.0.100.202602081740/tools/bin/../lib/gcc/arm-none-eabi/14.3.1/../../../../arm-none-eabi/lib/thumb/v7e-m+fp/hard/crt0.o
LOAD ./Core/Src/app.o
LOAD ./Core/Src/debug.o
LOAD ./Core/Src/drv8301.o
LOAD ./Core/Src/foc_transforms.o
LOAD ./Core/Src/llrlpf.o
LOAD ./Core/Src/main.o
LOAD ./Core/Src/motor.o
LOAD ./Core/Src/sensor.o
LOAD ./Core/Src/smo.o
LOAD ./Core/Src/stm32g4xx_hal_msp.o
LOAD ./Core/Src/stm32g4xx_it.o
LOAD ./Core/Src/syscalls.o
LOAD ./Core/Src/sysmem.o
LOAD ./Core/Src/system_stm32g4xx.o
LOAD ./Core/Src/timebase.o
LOAD ./Core/Startup/startup_stm32g431cbtx.o
LOAD ./Drivers/STM32G4xx_HAL_Driver/Src/stm32g4xx_hal.o
LOAD ./Drivers/STM32G4xx_HAL_Driver/Src/stm32g4xx_hal_adc.o
LOAD ./Drivers/STM32G4xx_HAL_Driver/Src/stm32g4xx_hal_adc_ex.o
LOAD ./Drivers/STM32G4xx_HAL_Driver/Src/stm32g4xx_hal_cortex.o
LOAD ./Drivers/STM32G4xx_HAL_Driver/Src/stm32g4xx_hal_dma.o
LOAD ./Drivers/STM32G4xx_HAL_Driver/Src/stm32g4xx_hal_dma_ex.o
LOAD ./Drivers/STM32G4xx_HAL_Driver/Src/stm32g4xx_hal_exti.o
LOAD ./Drivers/STM32G4xx_HAL_Driver/Src/stm32g4xx_hal_flash.o
LOAD ./Drivers/STM32G4xx_HAL_Driver/Src/stm32g4xx_hal_flash_ex.o
LOAD ./Drivers/STM32G4xx_HAL_Driver/Src/stm32g4xx_hal_flash_ramfunc.o
LOAD ./Drivers/STM32G4xx_HAL_Driver/Src/stm32g4xx_hal_gpio.o
LOAD ./Drivers/STM32G4xx_HAL_Driver/Src/stm32g4xx_hal_pcd.o
LOAD ./Drivers/STM32G4xx_HAL_Driver/Src/stm32g4xx_hal_pcd_ex.o
LOAD ./Drivers/STM32G4xx_HAL_Driver/Src/stm32g4xx_hal_pwr.o
LOAD ./Drivers/STM32G4xx_HAL_Driver/Src/stm32g4xx_hal_pwr_ex.o
LOAD ./Drivers/STM32G4xx_HAL_Driver/Src/stm32g4xx_hal_rcc.o
LOAD ./Drivers/STM32G4xx_HAL_Driver/Src/stm32g4xx_hal_rcc_ex.o
LOAD ./Drivers/STM32G4xx_HAL_Driver/Src/stm32g4xx_hal_spi.o
LOAD ./Drivers/STM32G4xx_HAL_Driver/Src/stm32g4xx_hal_spi_ex.o
LOAD ./Drivers/STM32G4xx_HAL_Driver/Src/stm32g4xx_hal_tim.o
LOAD ./Drivers/STM32G4xx_HAL_Driver/Src/stm32g4xx_hal_tim_ex.o
LOAD ./Drivers/STM32G4xx_HAL_Driver/Src/stm32g4xx_hal_uart.o
LOAD ./Drivers/STM32G4xx_HAL_Driver/Src/stm32g4xx_hal_uart_ex.o
LOAD ./Drivers/STM32G4xx_HAL_Driver/Src/stm32g4xx_ll_adc.o
LOAD ./Drivers/STM32G4xx_HAL_Driver/Src/stm32g4xx_ll_usb.o
START GROUP
LOAD D:/Installed Software/STM32CubeIDE_1.19.0/STM32CubeIDE/plugins/com.st.stm32cube.ide.mcu.externaltools.gnu-tools-for-stm32.14.3.rel1.win32_1.0.100.202602081740/tools/bin/../lib/gcc/arm-none-eabi/14.3.1/../../../../arm-none-eabi/lib/thumb/v7e-m+fp/hard\libc_nano.a
LOAD D:/Installed Software/STM32CubeIDE_1.19.0/STM32CubeIDE/plugins/com.st.stm32cube.ide.mcu.externaltools.gnu-tools-for-stm32.14.3.rel1.win32_1.0.100.202602081740/tools/bin/../lib/gcc/arm-none-eabi/14.3.1/../../../../arm-none-eabi/lib/thumb/v7e-m+fp/hard\libm.a
END GROUP
START GROUP
LOAD D:/Installed Software/STM32CubeIDE_1.19.0/STM32CubeIDE/plugins/com.st.stm32cube.ide.mcu.externaltools.gnu-tools-for-stm32.14.3.rel1.win32_1.0.100.202602081740/tools/bin/../lib/gcc/arm-none-eabi/14.3.1/thumb/v7e-m+fp/hard\libgcc.a
LOAD D:/Installed Software/STM32CubeIDE_1.19.0/STM32CubeIDE/plugins/com.st.stm32cube.ide.mcu.externaltools.gnu-tools-for-stm32.14.3.rel1.win32_1.0.100.202602081740/tools/bin/../lib/gcc/arm-none-eabi/14.3.1/../../../../arm-none-eabi/lib/thumb/v7e-m+fp/hard\libc_nano.a
END GROUP
START GROUP
LOAD D:/Installed Software/STM32CubeIDE_1.19.0/STM32CubeIDE/plugins/com.st.stm32cube.ide.mcu.externaltools.gnu-tools-for-stm32.14.3.rel1.win32_1.0.100.202602081740/tools/bin/../lib/gcc/arm-none-eabi/14.3.1/thumb/v7e-m+fp/hard\libgcc.a
LOAD D:/Installed Software/STM32CubeIDE_1.19.0/STM32CubeIDE/plugins/com.st.stm32cube.ide.mcu.externaltools.gnu-tools-for-stm32.14.3.rel1.win32_1.0.100.202602081740/tools/bin/../lib/gcc/arm-none-eabi/14.3.1/../../../../arm-none-eabi/lib/thumb/v7e-m+fp/hard\libc_nano.a
LOAD D:/Installed Software/STM32CubeIDE_1.19.0/STM32CubeIDE/plugins/com.st.stm32cube.ide.mcu.externaltools.gnu-tools-for-stm32.14.3.rel1.win32_1.0.100.202602081740/tools/bin/../lib/gcc/arm-none-eabi/14.3.1/../../../../arm-none-eabi/lib/thumb/v7e-m+fp/hard\libnosys.a
END GROUP
START GROUP
LOAD D:/Installed Software/STM32CubeIDE_1.19.0/STM32CubeIDE/plugins/com.st.stm32cube.ide.mcu.externaltools.gnu-tools-for-stm32.14.3.rel1.win32_1.0.100.202602081740/tools/bin/../lib/gcc/arm-none-eabi/14.3.1/thumb/v7e-m+fp/hard\libgcc.a
LOAD D:/Installed Software/STM32CubeIDE_1.19.0/STM32CubeIDE/plugins/com.st.stm32cube.ide.mcu.externaltools.gnu-tools-for-stm32.14.3.rel1.win32_1.0.100.202602081740/tools/bin/../lib/gcc/arm-none-eabi/14.3.1/../../../../arm-none-eabi/lib/thumb/v7e-m+fp/hard\libc_nano.a
LOAD D:/Installed Software/STM32CubeIDE_1.19.0/STM32CubeIDE/plugins/com.st.stm32cube.ide.mcu.externaltools.gnu-tools-for-stm32.14.3.rel1.win32_1.0.100.202602081740/tools/bin/../lib/gcc/arm-none-eabi/14.3.1/../../../../arm-none-eabi/lib/thumb/v7e-m+fp/hard\libnosys.a
END GROUP
LOAD D:/Installed Software/STM32CubeIDE_1.19.0/STM32CubeIDE/plugins/com.st.stm32cube.ide.mcu.externaltools.gnu-tools-for-stm32.14.3.rel1.win32_1.0.100.202602081740/tools/bin/../lib/gcc/arm-none-eabi/14.3.1/thumb/v7e-m+fp/hard/crtend.o
LOAD D:/Installed Software/STM32CubeIDE_1.19.0/STM32CubeIDE/plugins/com.st.stm32cube.ide.mcu.externaltools.gnu-tools-for-stm32.14.3.rel1.win32_1.0.100.202602081740/tools/bin/../lib/gcc/arm-none-eabi/14.3.1/thumb/v7e-m+fp/hard/crtn.o
                0x20008000                        _estack = (ORIGIN (RAM) + LENGTH (RAM))
                0x00000200                        _Min_Heap_Size = 0x200
                0x00000400                        _Min_Stack_Size = 0x400

.isr_vector     0x08000000      0x1d8
                0x08000000                        . = ALIGN (0x4)
 *(.isr_vector)
 .isr_vector    0x08000000      0x1d8 ./Core/Startup/startup_stm32g431cbtx.o
                0x08000000                g_pfnVectors
                0x080001d8                        . = ALIGN (0x4)

.text           0x080001e0     0xd97c
                0x080001e0                        . = ALIGN (0x4)
 *(.text)
 .text          0x080001e0       0x40 D:/Installed Software/STM32CubeIDE_1.19.0/STM32CubeIDE/plugins/com.st.stm32cube.ide.mcu.externaltools.gnu-tools-for-stm32.14.3.rel1.win32_1.0.100.202602081740/tools/bin/../lib/gcc/arm-none-eabi/14.3.1/thumb/v7e-m+fp/hard/crtbegin.o
 .text          0x08000220       0xa0 D:/Installed Software/STM32CubeIDE_1.19.0/STM32CubeIDE/plugins/com.st.stm32cube.ide.mcu.externaltools.gnu-tools-for-stm32.14.3.rel1.win32_1.0.100.202602081740/tools/bin/../lib/gcc/arm-none-eabi/14.3.1/../../../../arm-none-eabi/lib/thumb/v7e-m+fp/hard\libc_nano.a(libc_a-memchr.o)
                0x08000220                memchr
 .text          0x080002c0       0x30 D:/Installed Software/STM32CubeIDE_1.19.0/STM32CubeIDE/plugins/com.st.stm32cube.ide.mcu.externaltools.gnu-tools-for-stm32.14.3.rel1.win32_1.0.100.202602081740/tools/bin/../lib/gcc/arm-none-eabi/14.3.1/thumb/v7e-m+fp/hard\libgcc.a(_aeabi_uldivmod.o)
                0x080002c0                __aeabi_uldivmod
 .text          0x080002f0      0x2f8 D:/Installed Software/STM32CubeIDE_1.19.0/STM32CubeIDE/plugins/com.st.stm32cube.ide.mcu.externaltools.gnu-tools-for-stm32.14.3.rel1.win32_1.0.100.202602081740/tools/bin/../lib/gcc/arm-none-eabi/14.3.1/thumb/v7e-m+fp/hard\libgcc.a(_udivmoddi4.o)
                0x080002f0                __udivmoddi4
 .text          0x080005e8        0x4 D:/Installed Software/STM32CubeIDE_1.19.0/STM32CubeIDE/plugins/com.st.stm32cube.ide.mcu.externaltools.gnu-tools-for-stm32.14.3.rel1.win32_1.0.100.202602081740/tools/bin/../lib/gcc/arm-none-eabi/14.3.1/thumb/v7e-m+fp/hard\libgcc.a(_dvmd_tls.o)
                0x080005e8                __aeabi_idiv0
                0x080005e8                __aeabi_ldiv0
 *(.text*)
 .text.App_Setup
                0x080005ec       0xb8 ./Core/Src/app.o
                0x080005ec                App_Setup
 .text.App_Main_Loop
                0x080006a4       0x5c ./Core/Src/app.o
                0x080006a4                App_Main_Loop
 .text.HAL_TIM_PeriodElapsedCallback
                0x08000700      0x124 ./Core/Src/app.o
                0x08000700                HAL_TIM_PeriodElapsedCallback
 .text.HAL_ADCEx_InjectedConvCpltCallback
                0x08000824      0x174 ./Core/Src/app.o
                0x08000824                HAL_ADCEx_InjectedConvCpltCallback
 .text.Debug_Add_Log
                0x08000998       0x6c ./Core/Src/debug.o
                0x08000998                Debug_Add_Log
 .text.Debug_Send_Log
                0x08000a04       0x64 ./Core/Src/debug.o
                0x08000a04                Debug_Send_Log
 .text._CS_Low  0x08000a68       0x34 ./Core/Src/drv8301.o
 .text._CS_High
                0x08000a9c       0x32 ./Core/Src/drv8301.o
 .text.DRV8301_WriteRegister
                0x08000ace       0x5a ./Core/Src/drv8301.o
                0x08000ace                DRV8301_WriteRegister
 .text.DRV8301_ReadRegister
                0x08000b28       0xb0 ./Core/Src/drv8301.o
                0x08000b28                DRV8301_ReadRegister
 .text.DRV8301_Init
                0x08000bd8       0x1e ./Core/Src/drv8301.o
                0x08000bd8                DRV8301_Init
 .text.DRV8301_ClearFaults
                0x08000bf6       0x40 ./Core/Src/drv8301.o
                0x08000bf6                DRV8301_ClearFaults
 *fill*         0x08000c36        0x2 
 .text.Clarke   0x08000c38       0x60 ./Core/Src/foc_transforms.o
                0x08000c38                Clarke
 .text.Park     0x08000c98       0x90 ./Core/Src/foc_transforms.o
                0x08000c98                Park
 .text.LPF_Init
                0x08000d28       0x40 ./Core/Src/llrlpf.o
                0x08000d28                LPF_Init
 .text.main     0x08000d68       0x3e ./Core/Src/main.o
                0x08000d68                main
 .text.SystemClock_Config
                0x08000da6       0x96 ./Core/Src/main.o
                0x08000da6                SystemClock_Config
 .text.MX_ADC1_Init
                0x08000e3c      0x1a0 ./Core/Src/main.o
 .text.MX_ADC2_Init
                0x08000fdc      0x12c ./Core/Src/main.o
 .text.MX_SPI1_Init
                0x08001108       0x7c ./Core/Src/main.o
 .text.MX_TIM1_Init
                0x08001184      0x194 ./Core/Src/main.o
 .text.MX_TIM6_Init
                0x08001318       0x6c ./Core/Src/main.o
 .text.MX_TIM8_Init
                0x08001384       0xb4 ./Core/Src/main.o
 .text.MX_USART3_UART_Init
                0x08001438       0x98 ./Core/Src/main.o
 .text.MX_USB_PCD_Init
                0x080014d0       0x50 ./Core/Src/main.o
 .text.MX_DMA_Init
                0x08001520       0x84 ./Core/Src/main.o
 .text.MX_GPIO_Init
                0x080015a4      0x11c ./Core/Src/main.o
 .text.Error_Handler
                0x080016c0        0xc ./Core/Src/main.o
                0x080016c0                Error_Handler
 .text.Motor_Set_Gate
                0x080016cc       0x3c ./Core/Src/motor.o
                0x080016cc                Motor_Set_Gate
 .text.Motor_Apply_Phase_Control
                0x08001708      0x1e4 ./Core/Src/motor.o
                0x08001708                Motor_Apply_Phase_Control
 .text.Motor_Commutate_Step
                0x080018ec      0x134 ./Core/Src/motor.o
                0x080018ec                Motor_Commutate_Step
 .text.Motor_Init
                0x08001a20       0x12 ./Core/Src/motor.o
                0x08001a20                Motor_Init
 *fill*         0x08001a32        0x2 
 .text.Motor_Start
                0x08001a34       0x30 ./Core/Src/motor.o
                0x08001a34                Motor_Start
 .text.Motor_Stop
                0x08001a64       0x30 ./Core/Src/motor.o
                0x08001a64                Motor_Stop
 .text.Sensor_ADC2_DMA_Start
                0x08001a94       0xd0 ./Core/Src/sensor.o
                0x08001a94                Sensor_ADC2_DMA_Start
 .text.Sensor_ADC_Init
                0x08001b64       0x4c ./Core/Src/sensor.o
                0x08001b64                Sensor_ADC_Init
 .text.SMO_Init
                0x08001bb0       0xc0 ./Core/Src/smo.o
                0x08001bb0                SMO_Init
 .text.sigmoid  0x08001c70       0x38 ./Core/Src/smo.o
 .text.SMO_Update
                0x08001ca8      0x324 ./Core/Src/smo.o
                0x08001ca8                SMO_Update
 .text.PLL_Init
                0x08001fcc       0x50 ./Core/Src/smo.o
                0x08001fcc                PLL_Init
 .text.PLL_Update
                0x0800201c      0x134 ./Core/Src/smo.o
                0x0800201c                PLL_Update
 .text.HAL_MspInit
                0x08002150       0x48 ./Core/Src/stm32g4xx_hal_msp.o
                0x08002150                HAL_MspInit
 .text.HAL_ADC_MspInit
                0x08002198      0x260 ./Core/Src/stm32g4xx_hal_msp.o
                0x08002198                HAL_ADC_MspInit
 .text.HAL_SPI_MspInit
                0x080023f8       0x88 ./Core/Src/stm32g4xx_hal_msp.o
                0x080023f8                HAL_SPI_MspInit
 .text.HAL_TIM_Base_MspInit
                0x08002480       0x74 ./Core/Src/stm32g4xx_hal_msp.o
                0x08002480                HAL_TIM_Base_MspInit
 .text.HAL_TIM_IC_MspInit
                0x080024f4       0x88 ./Core/Src/stm32g4xx_hal_msp.o
                0x080024f4                HAL_TIM_IC_MspInit
 .text.HAL_TIM_MspPostInit
                0x0800257c       0xf0 ./Core/Src/stm32g4xx_hal_msp.o
                0x0800257c                HAL_TIM_MspPostInit
 .text.HAL_UART_MspInit
                0x0800266c      0x17c ./Core/Src/stm32g4xx_hal_msp.o
                0x0800266c                HAL_UART_MspInit
 .text.HAL_PCD_MspInit
                0x080027e8       0x68 ./Core/Src/stm32g4xx_hal_msp.o
                0x080027e8                HAL_PCD_MspInit
 .text.NMI_Handler
                0x08002850        0x8 ./Core/Src/stm32g4xx_it.o
                0x08002850                NMI_Handler
 .text.HardFault_Handler
                0x08002858        0x8 ./Core/Src/stm32g4xx_it.o
                0x08002858                HardFault_Handler
 .text.MemManage_Handler
                0x08002860        0x8 ./Core/Src/stm32g4xx_it.o
                0x08002860                MemManage_Handler
 .text.BusFault_Handler
                0x08002868        0x8 ./Core/Src/stm32g4xx_it.o
                0x08002868                BusFault_Handler
 .text.UsageFault_Handler
                0x08002870        0x8 ./Core/Src/stm32g4xx_it.o
                0x08002870                UsageFault_Handler
 .text.SVC_Handler
                0x08002878        0xe ./Core/Src/stm32g4xx_it.o
                0x08002878                SVC_Handler
 .text.DebugMon_Handler
                0x08002886        0xe ./Core/Src/stm32g4xx_it.o
                0x08002886                DebugMon_Handler
 .text.PendSV_Handler
                0x08002894        0xe ./Core/Src/stm32g4xx_it.o
                0x08002894                PendSV_Handler
 .text.SysTick_Handler
                0x080028a2        0xc ./Core/Src/stm32g4xx_it.o
                0x080028a2                SysTick_Handler
 *fill*         0x080028ae        0x2 
 .text.DMA1_Channel1_IRQHandler
                0x080028b0       0x14 ./Core/Src/stm32g4xx_it.o
                0x080028b0                DMA1_Channel1_IRQHandler
 .text.DMA1_Channel2_IRQHandler
                0x080028c4       0x14 ./Core/Src/stm32g4xx_it.o
                0x080028c4                DMA1_Channel2_IRQHandler
 .text.DMA1_Channel3_IRQHandler
                0x080028d8       0x14 ./Core/Src/stm32g4xx_it.o
                0x080028d8                DMA1_Channel3_IRQHandler
 .text.DMA1_Channel4_IRQHandler
                0x080028ec       0x14 ./Core/Src/stm32g4xx_it.o
                0x080028ec                DMA1_Channel4_IRQHandler
 .text.ADC1_2_IRQHandler
                0x08002900       0x1c ./Core/Src/stm32g4xx_it.o
                0x08002900                ADC1_2_IRQHandler
 .text.USART3_IRQHandler
                0x0800291c       0x14 ./Core/Src/stm32g4xx_it.o
                0x0800291c                USART3_IRQHandler
 .text.TIM6_DAC_IRQHandler
                0x08002930       0x14 ./Core/Src/stm32g4xx_it.o
                0x08002930                TIM6_DAC_IRQHandler
 .text._sbrk    0x08002944       0x6c ./Core/Src/sysmem.o
                0x08002944                _sbrk
 .text.SystemInit
                0x080029b0       0x24 ./Core/Src/system_stm32g4xx.o
                0x080029b0                SystemInit
 .text.Timebase_Struct_Init
                0x080029d4      0x1b0 ./Core/Src/timebase.o
                0x080029d4                Timebase_Struct_Init
 .text.Timebase_Timer_Enable
                0x08002b84       0xa8 ./Core/Src/timebase.o
                0x08002b84                Timebase_Timer_Enable
 .text.Timebase_Atomic_Operation_Start
                0x08002c2c       0x12 ./Core/Src/timebase.o
                0x08002c2c                Timebase_Atomic_Operation_Start
 .text.Timebase_Atomic_Operation_End
                0x08002c3e       0x12 ./Core/Src/timebase.o
                0x08002c3e                Timebase_Atomic_Operation_End
 .text.TIM1_TRG_COM_TIM17_IRQHandler
                0x08002c50       0x14 ./Core/Src/timebase.o
                0x08002c50                TIM1_TRG_COM_TIM17_IRQHandler
 .text.Timebase_Timer_Get_SubSeconds
                0x08002c64       0x1c ./Core/Src/timebase.o
                0x08002c64                Timebase_Timer_Get_SubSeconds
 .text.Timebase_Timer_Get_Seconds
                0x08002c80       0x18 ./Core/Src/timebase.o
                0x08002c80                Timebase_Timer_Get_Seconds
 .text.Timebase_Timer_Sync_With_Shadow_Variables
                0x08002c98       0x48 ./Core/Src/timebase.o
                0x08002c98                Timebase_Timer_Sync_With_Shadow_Variables
 .text.Timebase_DownCounter_SS_Get_Status
                0x08002ce0       0x34 ./Core/Src/timebase.o
                0x08002ce0                Timebase_DownCounter_SS_Get_Status
 .text.Timebase_DownCounter_SS_Set_Status
                0x08002d14       0x44 ./Core/Src/timebase.o
                0x08002d14                Timebase_DownCounter_SS_Set_Status
 .text.Timebase_DownCounter_SS_Get_Value
                0x08002d58       0x30 ./Core/Src/timebase.o
                0x08002d58                Timebase_DownCounter_SS_Get_Value
 .text.Timebase_DownCounter_SS_Set_Value
                0x08002d88       0x34 ./Core/Src/timebase.o
                0x08002d88                Timebase_DownCounter_SS_Set_Value
 .text.Timebase_DownCounter_SS_Get_EndValueSec
                0x08002dbc       0x30 ./Core/Src/timebase.o
                0x08002dbc                Timebase_DownCounter_SS_Get_EndValueSec
 .text.Timebase_DownCounter_SS_Get_EndValueSubSec
                0x08002dec       0x30 ./Core/Src/timebase.o
                0x08002dec                Timebase_DownCounter_SS_Get_EndValueSubSec
 .text.Timebase_DownCounter_SS_Set_EndValueSec
                0x08002e1c       0x34 ./Core/Src/timebase.o
                0x08002e1c                Timebase_DownCounter_SS_Set_EndValueSec
 .text.Timebase_DownCounter_SS_Set_EndValueSubSec
                0x08002e50       0x34 ./Core/Src/timebase.o
                0x08002e50                Timebase_DownCounter_SS_Set_EndValueSubSec
 .text.Timebase_DownCounter_SS_Clear_Period_Flag
                0x08002e84       0x38 ./Core/Src/timebase.o
                0x08002e84                Timebase_DownCounter_SS_Clear_Period_Flag
 .text.Timebase_DownCounter_SS_Get_ReloadValue
                0x08002ebc       0x30 ./Core/Src/timebase.o
                0x08002ebc                Timebase_DownCounter_SS_Get_ReloadValue
 .text.Timebase_DownCounter_SS_Set_ReloadValue
                0x08002eec       0x34 ./Core/Src/timebase.o
                0x08002eec                Timebase_DownCounter_SS_Set_ReloadValue
 .text.Timebase_DownCounter_SS_Reset
                0x08002f20       0x4c ./Core/Src/timebase.o
                0x08002f20                Timebase_DownCounter_SS_Reset
 .text.Timebase_DownCounter_SS_Clear_All_Flags
                0x08002f6c       0x1a ./Core/Src/timebase.o
                0x08002f6c                Timebase_DownCounter_SS_Clear_All_Flags
 .text.Timebase_DownCounter_SS_Start
                0x08002f86       0x2a ./Core/Src/timebase.o
                0x08002f86                Timebase_DownCounter_SS_Start
 .text.Timebase_DownCounter_SS_Set_Securely
                0x08002fb0       0xcc ./Core/Src/timebase.o
                0x08002fb0                Timebase_DownCounter_SS_Set_Securely
 .text.Timebase_DownCounter_SS_Update
                0x0800307c      0x11c ./Core/Src/timebase.o
                0x0800307c                Timebase_DownCounter_SS_Update
 .text.Timebase_DownCounter_SS_Continuous_Expired_Event
                0x08003198       0x42 ./Core/Src/timebase.o
                0x08003198                Timebase_DownCounter_SS_Continuous_Expired_Event
 .text.Timebase_DownCounter_SS_Update_All
                0x080031da       0x2a ./Core/Src/timebase.o
                0x080031da                Timebase_DownCounter_SS_Update_All
 .text.Timebase_DownCounter_SS_Reset_All
                0x08003204       0x2a ./Core/Src/timebase.o
                0x08003204                Timebase_DownCounter_SS_Reset_All
 *fill*         0x0800322e        0x2 
 .text.Timebase_DownCounter_Get_Status
                0x08003230       0x38 ./Core/Src/timebase.o
                0x08003230                Timebase_DownCounter_Get_Status
 .text.Timebase_DownCounter_Set_Status
                0x08003268       0x44 ./Core/Src/timebase.o
                0x08003268                Timebase_DownCounter_Set_Status
 .text.Timebase_DownCounter_Get_Value
                0x080032ac       0x30 ./Core/Src/timebase.o
                0x080032ac                Timebase_DownCounter_Get_Value
 .text.Timebase_DownCounter_Set_Value
                0x080032dc       0x34 ./Core/Src/timebase.o
                0x080032dc                Timebase_DownCounter_Set_Value
 .text.Timebase_DownCounter_Get_EndValue
                0x08003310       0x30 ./Core/Src/timebase.o
                0x08003310                Timebase_DownCounter_Get_EndValue
 .text.Timebase_DownCounter_Set_EndValue
                0x08003340       0x34 ./Core/Src/timebase.o
                0x08003340                Timebase_DownCounter_Set_EndValue
 .text.Timebase_DownCounter_Clear_Period_Flag
                0x08003374       0x38 ./Core/Src/timebase.o
                0x08003374                Timebase_DownCounter_Clear_Period_Flag
 .text.Timebase_DownCounter_Get_ReloadValue
                0x080033ac       0x30 ./Core/Src/timebase.o
                0x080033ac                Timebase_DownCounter_Get_ReloadValue
 .text.Timebase_DownCounter_Set_ReloadValue
                0x080033dc       0x34 ./Core/Src/timebase.o
                0x080033dc                Timebase_DownCounter_Set_ReloadValue
 .text.Timebase_DownCounter_Reset
                0x08003410       0x42 ./Core/Src/timebase.o
                0x08003410                Timebase_DownCounter_Reset
 .text.Timebase_DownCounter_Update
                0x08003452       0x9c ./Core/Src/timebase.o
                0x08003452                Timebase_DownCounter_Update
 .text.Timebase_DownCounter_Update_All
                0x080034ee       0x2a ./Core/Src/timebase.o
                0x080034ee                Timebase_DownCounter_Update_All
 .text.Timebase_DownCounter_Reset_All
                0x08003518       0x2a ./Core/Src/timebase.o
                0x08003518                Timebase_DownCounter_Reset_All
 .text.Timebase_Reset
                0x08003542       0x10 ./Core/Src/timebase.o
                0x08003542                Timebase_Reset
 .text.Timebase_Init
                0x08003552       0x22 ./Core/Src/timebase.o
                0x08003552                Timebase_Init
 .text.Timebase_Main_Loop_Executables
                0x08003574       0x7c ./Core/Src/timebase.o
                0x08003574                Timebase_Main_Loop_Executables
 .text.Timebase_ISR_Executables
                0x080035f0       0x80 ./Core/Src/timebase.o
                0x080035f0                Timebase_ISR_Executables
 .text.Reset_Handler
                0x08003670       0x50 ./Core/Startup/startup_stm32g431cbtx.o
                0x08003670                Reset_Handler
 .text.Default_Handler
                0x080036c0        0x2 ./Core/Startup/startup_stm32g431cbtx.o
                0x080036c0                RTC_Alarm_IRQHandler
                0x080036c0                EXTI2_IRQHandler
                0x080036c0                TIM8_TRG_COM_IRQHandler
                0x080036c0                TIM8_CC_IRQHandler
                0x080036c0                TIM1_CC_IRQHandler
                0x080036c0                USB_HP_IRQHandler
                0x080036c0                CORDIC_IRQHandler
                0x080036c0                EXTI3_IRQHandler
                0x080036c0                I2C3_ER_IRQHandler
                0x080036c0                EXTI0_IRQHandler
                0x080036c0                I2C2_EV_IRQHandler
                0x080036c0                FPU_IRQHandler
                0x080036c0                FDCAN1_IT1_IRQHandler
                0x080036c0                TIM1_UP_TIM16_IRQHandler
                0x080036c0                SPI1_IRQHandler
                0x080036c0                TIM8_UP_IRQHandler
                0x080036c0                DMA2_Channel2_IRQHandler
                0x080036c0                TIM4_IRQHandler
                0x080036c0                DMA2_Channel1_IRQHandler
                0x080036c0                I2C1_EV_IRQHandler
                0x080036c0                DMA1_Channel6_IRQHandler
                0x080036c0                UART4_IRQHandler
                0x080036c0                DMA2_Channel4_IRQHandler
                0x080036c0                TIM3_IRQHandler
                0x080036c0                RCC_IRQHandler
                0x080036c0                Default_Handler
                0x080036c0                RTC_TAMP_LSECSS_IRQHandler
                0x080036c0                FMAC_IRQHandler
                0x080036c0                EXTI15_10_IRQHandler
                0x080036c0                TIM7_IRQHandler
                0x080036c0                UCPD1_IRQHandler
                0x080036c0                I2C3_EV_IRQHandler
                0x080036c0                EXTI9_5_IRQHandler
                0x080036c0                RTC_WKUP_IRQHandler
                0x080036c0                PVD_PVM_IRQHandler
                0x080036c0                SPI2_IRQHandler
                0x080036c0                DMA2_Channel5_IRQHandler
                0x080036c0                CRS_IRQHandler
                0x080036c0                DMA1_Channel5_IRQHandler
                0x080036c0                USB_LP_IRQHandler
                0x080036c0                EXTI4_IRQHandler
                0x080036c0                RNG_IRQHandler
                0x080036c0                WWDG_IRQHandler
                0x080036c0                LPUART1_IRQHandler
                0x080036c0                DMA2_Channel6_IRQHandler
                0x080036c0                FDCAN1_IT0_IRQHandler
                0x080036c0                TIM2_IRQHandler
                0x080036c0                COMP1_2_3_IRQHandler
                0x080036c0                EXTI1_IRQHandler
                0x080036c0                USART2_IRQHandler
                0x080036c0                I2C2_ER_IRQHandler
                0x080036c0                TIM8_BRK_IRQHandler
                0x080036c0                FLASH_IRQHandler
                0x080036c0                USART1_IRQHandler
                0x080036c0                SPI3_IRQHandler
                0x080036c0                I2C1_ER_IRQHandler
                0x080036c0                LPTIM1_IRQHandler
                0x080036c0                DMAMUX_OVR_IRQHandler
                0x080036c0                USBWakeUp_IRQHandler
                0x080036c0                SAI1_IRQHandler
                0x080036c0                DMA2_Channel3_IRQHandler
                0x080036c0                COMP4_IRQHandler
                0x080036c0                TIM1_BRK_TIM15_IRQHandler
 .text.HAL_Init
                0x080036c2       0x30 ./Drivers/STM32G4xx_HAL_Driver/Src/stm32g4xx_hal.o
                0x080036c2                HAL_Init
 *fill*         0x080036f2        0x2 
 .text.HAL_InitTick
                0x080036f4       0x74 ./Drivers/STM32G4xx_HAL_Driver/Src/stm32g4xx_hal.o
                0x080036f4                HAL_InitTick
 .text.HAL_IncTick
                0x08003768       0x24 ./Drivers/STM32G4xx_HAL_Driver/Src/stm32g4xx_hal.o
                0x08003768                HAL_IncTick
 .text.HAL_GetTick
                0x0800378c       0x18 ./Drivers/STM32G4xx_HAL_Driver/Src/stm32g4xx_hal.o
                0x0800378c                HAL_GetTick
 .text.HAL_Delay
                0x080037a4       0x44 ./Drivers/STM32G4xx_HAL_Driver/Src/stm32g4xx_hal.o
                0x080037a4                HAL_Delay
 .text.LL_ADC_SetCommonClock
                0x080037e8       0x26 ./Drivers/STM32G4xx_HAL_Driver/Src/stm32g4xx_hal_adc.o
 .text.LL_ADC_SetCommonPathInternalCh
                0x0800380e       0x26 ./Drivers/STM32G4xx_HAL_Driver/Src/stm32g4xx_hal_adc.o
 .text.LL_ADC_GetCommonPathInternalCh
                0x08003834       0x1c ./Drivers/STM32G4xx_HAL_Driver/Src/stm32g4xx_hal_adc.o
 .text.LL_ADC_SetOffset
                0x08003850       0x48 ./Drivers/STM32G4xx_HAL_Driver/Src/stm32g4xx_hal_adc.o
 .text.LL_ADC_GetOffsetChannel
                0x08003898       0x2c ./Drivers/STM32G4xx_HAL_Driver/Src/stm32g4xx_hal_adc.o
 .text.LL_ADC_SetOffsetState
                0x080038c4       0x36 ./Drivers/STM32G4xx_HAL_Driver/Src/stm32g4xx_hal_adc.o
 .text.LL_ADC_SetOffsetSign
                0x080038fa       0x36 ./Drivers/STM32G4xx_HAL_Driver/Src/stm32g4xx_hal_adc.o
 .text.LL_ADC_SetOffsetSaturation
                0x08003930       0x36 ./Drivers/STM32G4xx_HAL_Driver/Src/stm32g4xx_hal_adc.o
 .text.LL_ADC_SetSamplingTimeCommonConfig
                0x08003966       0x26 ./Drivers/STM32G4xx_HAL_Driver/Src/stm32g4xx_hal_adc.o
 .text.LL_ADC_REG_IsTriggerSourceSWStart
                0x0800398c       0x26 ./Drivers/STM32G4xx_HAL_Driver/Src/stm32g4xx_hal_adc.o
 .text.LL_ADC_REG_SetSequencerRanks
                0x080039b2       0x58 ./Drivers/STM32G4xx_HAL_Driver/Src/stm32g4xx_hal_adc.o
 .text.LL_ADC_INJ_IsTriggerSourceSWStart
                0x08003a0a       0x26 ./Drivers/STM32G4xx_HAL_Driver/Src/stm32g4xx_hal_adc.o
 .text.LL_ADC_SetChannelSamplingTime
                0x08003a30       0x56 ./Drivers/STM32G4xx_HAL_Driver/Src/stm32g4xx_hal_adc.o
 *fill*         0x08003a86        0x2 
 .text.LL_ADC_SetChannelSingleDiff
                0x08003a88       0x48 ./Drivers/STM32G4xx_HAL_Driver/Src/stm32g4xx_hal_adc.o
 .text.LL_ADC_GetMultimode
                0x08003ad0       0x1c ./Drivers/STM32G4xx_HAL_Driver/Src/stm32g4xx_hal_adc.o
 .text.LL_ADC_GetMultiDMATransfer
                0x08003aec       0x1c ./Drivers/STM32G4xx_HAL_Driver/Src/stm32g4xx_hal_adc.o
 .text.LL_ADC_DisableDeepPowerDown
                0x08003b08       0x24 ./Drivers/STM32G4xx_HAL_Driver/Src/stm32g4xx_hal_adc.o
 .text.LL_ADC_IsDeepPowerDownEnabled
                0x08003b2c       0x28 ./Drivers/STM32G4xx_HAL_Driver/Src/stm32g4xx_hal_adc.o
 .text.LL_ADC_EnableInternalRegulator
                0x08003b54       0x28 ./Drivers/STM32G4xx_HAL_Driver/Src/stm32g4xx_hal_adc.o
 .text.LL_ADC_IsInternalRegulatorEnabled
                0x08003b7c       0x28 ./Drivers/STM32G4xx_HAL_Driver/Src/stm32g4xx_hal_adc.o
 .text.LL_ADC_Enable
                0x08003ba4       0x28 ./Drivers/STM32G4xx_HAL_Driver/Src/stm32g4xx_hal_adc.o
 .text.LL_ADC_Disable
                0x08003bcc       0x28 ./Drivers/STM32G4xx_HAL_Driver/Src/stm32g4xx_hal_adc.o
 .text.LL_ADC_IsEnabled
                0x08003bf4       0x26 ./Drivers/STM32G4xx_HAL_Driver/Src/stm32g4xx_hal_adc.o
 .text.LL_ADC_IsDisableOngoing
                0x08003c1a       0x26 ./Drivers/STM32G4xx_HAL_Driver/Src/stm32g4xx_hal_adc.o
 .text.LL_ADC_REG_StartConversion
                0x08003c40       0x28 ./Drivers/STM32G4xx_HAL_Driver/Src/stm32g4xx_hal_adc.o
 .text.LL_ADC_REG_IsConversionOngoing
                0x08003c68       0x26 ./Drivers/STM32G4xx_HAL_Driver/Src/stm32g4xx_hal_adc.o
 .text.LL_ADC_INJ_IsConversionOngoing
                0x08003c8e       0x26 ./Drivers/STM32G4xx_HAL_Driver/Src/stm32g4xx_hal_adc.o
 .text.HAL_ADC_Init
                0x08003cb4      0x308 ./Drivers/STM32G4xx_HAL_Driver/Src/stm32g4xx_hal_adc.o
                0x08003cb4                HAL_ADC_Init
 .text.HAL_ADC_Start_DMA
                0x08003fbc      0x168 ./Drivers/STM32G4xx_HAL_Driver/Src/stm32g4xx_hal_adc.o
                0x08003fbc                HAL_ADC_Start_DMA
 .text.HAL_ADC_IRQHandler
                0x08004124      0x434 ./Drivers/STM32G4xx_HAL_Driver/Src/stm32g4xx_hal_adc.o
                0x08004124                HAL_ADC_IRQHandler
 .text.HAL_ADC_ConvCpltCallback
                0x08004558       0x14 ./Drivers/STM32G4xx_HAL_Driver/Src/stm32g4xx_hal_adc.o
                0x08004558                HAL_ADC_ConvCpltCallback
 .text.HAL_ADC_ConvHalfCpltCallback
                0x0800456c       0x14 ./Drivers/STM32G4xx_HAL_Driver/Src/stm32g4xx_hal_adc.o
                0x0800456c                HAL_ADC_ConvHalfCpltCallback
 .text.HAL_ADC_LevelOutOfWindowCallback
                0x08004580       0x14 ./Drivers/STM32G4xx_HAL_Driver/Src/stm32g4xx_hal_adc.o
                0x08004580                HAL_ADC_LevelOutOfWindowCallback
 .text.HAL_ADC_ErrorCallback
                0x08004594       0x14 ./Drivers/STM32G4xx_HAL_Driver/Src/stm32g4xx_hal_adc.o
                0x08004594                HAL_ADC_ErrorCallback
 .text.HAL_ADC_ConfigChannel
                0x080045a8      0x7e0 ./Drivers/STM32G4xx_HAL_Driver/Src/stm32g4xx_hal_adc.o
                0x080045a8                HAL_ADC_ConfigChannel
 .text.ADC_Enable
                0x08004d88      0x10c ./Drivers/STM32G4xx_HAL_Driver/Src/stm32g4xx_hal_adc.o
                0x08004d88                ADC_Enable
 .text.ADC_Disable
                0x08004e94       0xbe ./Drivers/STM32G4xx_HAL_Driver/Src/stm32g4xx_hal_adc.o
                0x08004e94                ADC_Disable
 .text.ADC_DMAConvCplt
                0x08004f52       0xd8 ./Drivers/STM32G4xx_HAL_Driver/Src/stm32g4xx_hal_adc.o
                0x08004f52                ADC_DMAConvCplt
 .text.ADC_DMAHalfConvCplt
                0x0800502a       0x1c ./Drivers/STM32G4xx_HAL_Driver/Src/stm32g4xx_hal_adc.o
                0x0800502a                ADC_DMAHalfConvCplt
 .text.ADC_DMAError
                0x08005046       0x34 ./Drivers/STM32G4xx_HAL_Driver/Src/stm32g4xx_hal_adc.o
                0x08005046                ADC_DMAError
 .text.LL_ADC_SetCommonPathInternalCh
                0x0800507a       0x26 ./Drivers/STM32G4xx_HAL_Driver/Src/stm32g4xx_hal_adc_ex.o
 .text.LL_ADC_GetCommonPathInternalCh
                0x080050a0       0x1c ./Drivers/STM32G4xx_HAL_Driver/Src/stm32g4xx_hal_adc_ex.o
 .text.LL_ADC_SetOffset
                0x080050bc       0x48 ./Drivers/STM32G4xx_HAL_Driver/Src/stm32g4xx_hal_adc_ex.o
 .text.LL_ADC_GetOffsetChannel
                0x08005104       0x2c ./Drivers/STM32G4xx_HAL_Driver/Src/stm32g4xx_hal_adc_ex.o
 .text.LL_ADC_SetOffsetState
                0x08005130       0x36 ./Drivers/STM32G4xx_HAL_Driver/Src/stm32g4xx_hal_adc_ex.o
 .text.LL_ADC_SetOffsetSign
                0x08005166       0x36 ./Drivers/STM32G4xx_HAL_Driver/Src/stm32g4xx_hal_adc_ex.o
 .text.LL_ADC_SetOffsetSaturation
                0x0800519c       0x36 ./Drivers/STM32G4xx_HAL_Driver/Src/stm32g4xx_hal_adc_ex.o
 .text.LL_ADC_SetSamplingTimeCommonConfig
                0x080051d2       0x26 ./Drivers/STM32G4xx_HAL_Driver/Src/stm32g4xx_hal_adc_ex.o
 .text.LL_ADC_INJ_GetTrigAuto
                0x080051f8       0x1c ./Drivers/STM32G4xx_HAL_Driver/Src/stm32g4xx_hal_adc_ex.o
 .text.LL_ADC_SetChannelSamplingTime
                0x08005214       0x56 ./Drivers/STM32G4xx_HAL_Driver/Src/stm32g4xx_hal_adc_ex.o
 *fill*         0x0800526a        0x2 
 .text.LL_ADC_SetChannelSingleDiff
                0x0800526c       0x48 ./Drivers/STM32G4xx_HAL_Driver/Src/stm32g4xx_hal_adc_ex.o
 .text.LL_ADC_GetMultimode
                0x080052b4       0x1c ./Drivers/STM32G4xx_HAL_Driver/Src/stm32g4xx_hal_adc_ex.o
 .text.LL_ADC_IsEnabled
                0x080052d0       0x26 ./Drivers/STM32G4xx_HAL_Driver/Src/stm32g4xx_hal_adc_ex.o
 .text.LL_ADC_StartCalibration
                0x080052f6       0x32 ./Drivers/STM32G4xx_HAL_Driver/Src/stm32g4xx_hal_adc_ex.o
 .text.LL_ADC_IsCalibrationOnGoing
                0x08005328       0x28 ./Drivers/STM32G4xx_HAL_Driver/Src/stm32g4xx_hal_adc_ex.o
 .text.LL_ADC_REG_IsConversionOngoing
                0x08005350       0x26 ./Drivers/STM32G4xx_HAL_Driver/Src/stm32g4xx_hal_adc_ex.o
 .text.LL_ADC_INJ_StartConversion
                0x08005376       0x28 ./Drivers/STM32G4xx_HAL_Driver/Src/stm32g4xx_hal_adc_ex.o
 .text.LL_ADC_INJ_IsConversionOngoing
                0x0800539e       0x26 ./Drivers/STM32G4xx_HAL_Driver/Src/stm32g4xx_hal_adc_ex.o
 .text.HAL_ADCEx_Calibration_Start
                0x080053c4       0xc4 ./Drivers/STM32G4xx_HAL_Driver/Src/stm32g4xx_hal_adc_ex.o
                0x080053c4                HAL_ADCEx_Calibration_Start
 .text.HAL_ADCEx_InjectedStart_IT
                0x08005488      0x1cc ./Drivers/STM32G4xx_HAL_Driver/Src/stm32g4xx_hal_adc_ex.o
                0x08005488                HAL_ADCEx_InjectedStart_IT
 .text.HAL_ADCEx_InjectedQueueOverflowCallback
                0x08005654       0x14 ./Drivers/STM32G4xx_HAL_Driver/Src/stm32g4xx_hal_adc_ex.o
                0x08005654                HAL_ADCEx_InjectedQueueOverflowCallback
 .text.HAL_ADCEx_LevelOutOfWindow2Callback
                0x08005668       0x14 ./Drivers/STM32G4xx_HAL_Driver/Src/stm32g4xx_hal_adc_ex.o
                0x08005668                HAL_ADCEx_LevelOutOfWindow2Callback
 .text.HAL_ADCEx_LevelOutOfWindow3Callback
                0x0800567c       0x14 ./Drivers/STM32G4xx_HAL_Driver/Src/stm32g4xx_hal_adc_ex.o
                0x0800567c                HAL_ADCEx_LevelOutOfWindow3Callback
 .text.HAL_ADCEx_EndOfSamplingCallback
                0x08005690       0x14 ./Drivers/STM32G4xx_HAL_Driver/Src/stm32g4xx_hal_adc_ex.o
                0x08005690                HAL_ADCEx_EndOfSamplingCallback
 .text.HAL_ADCEx_InjectedConfigChannel
                0x080056a4      0x9c0 ./Drivers/STM32G4xx_HAL_Driver/Src/stm32g4xx_hal_adc_ex.o
                0x080056a4                HAL_ADCEx_InjectedConfigChannel
 .text.HAL_ADCEx_MultiModeConfigChannel
                0x08006064      0x148 ./Drivers/STM32G4xx_HAL_Driver/Src/stm32g4xx_hal_adc_ex.o
                0x08006064                HAL_ADCEx_MultiModeConfigChannel
 .text.__NVIC_SetPriorityGrouping
                0x080061ac       0x48 ./Drivers/STM32G4xx_HAL_Driver/Src/stm32g4xx_hal_cortex.o
 .text.__NVIC_GetPriorityGrouping
                0x080061f4       0x1c ./Drivers/STM32G4xx_HAL_Driver/Src/stm32g4xx_hal_cortex.o
 .text.__NVIC_EnableIRQ
                0x08006210       0x3c ./Drivers/STM32G4xx_HAL_Driver/Src/stm32g4xx_hal_cortex.o
 .text.__NVIC_SetPriority
                0x0800624c       0x54 ./Drivers/STM32G4xx_HAL_Driver/Src/stm32g4xx_hal_cortex.o
 .text.NVIC_EncodePriority
                0x080062a0       0x66 ./Drivers/STM32G4xx_HAL_Driver/Src/stm32g4xx_hal_cortex.o
 *fill*         0x08006306        0x2 
 .text.SysTick_Config
                0x08006308       0x44 ./Drivers/STM32G4xx_HAL_Driver/Src/stm32g4xx_hal_cortex.o
 .text.HAL_NVIC_SetPriorityGrouping
                0x0800634c       0x16 ./Drivers/STM32G4xx_HAL_Driver/Src/stm32g4xx_hal_cortex.o
                0x0800634c                HAL_NVIC_SetPriorityGrouping
 .text.HAL_NVIC_SetPriority
                0x08006362       0x34 ./Drivers/STM32G4xx_HAL_Driver/Src/stm32g4xx_hal_cortex.o
                0x08006362                HAL_NVIC_SetPriority
 .text.HAL_NVIC_EnableIRQ
                0x08006396       0x1c ./Drivers/STM32G4xx_HAL_Driver/Src/stm32g4xx_hal_cortex.o
                0x08006396                HAL_NVIC_EnableIRQ
 .text.HAL_SYSTICK_Config
                0x080063b2       0x18 ./Drivers/STM32G4xx_HAL_Driver/Src/stm32g4xx_hal_cortex.o
                0x080063b2                HAL_SYSTICK_Config
 *fill*         0x080063ca        0x2 
 .text.HAL_DMA_Init
                0x080063cc      0x150 ./Drivers/STM32G4xx_HAL_Driver/Src/stm32g4xx_hal_dma.o
                0x080063cc                HAL_DMA_Init
 .text.HAL_DMA_Start_IT
                0x0800651c       0xf6 ./Drivers/STM32G4xx_HAL_Driver/Src/stm32g4xx_hal_dma.o
                0x0800651c                HAL_DMA_Start_IT
 .text.HAL_DMA_Abort
                0x08006612       0xbc ./Drivers/STM32G4xx_HAL_Driver/Src/stm32g4xx_hal_dma.o
                0x08006612                HAL_DMA_Abort
 .text.HAL_DMA_Abort_IT
                0x080066ce       0xce ./Drivers/STM32G4xx_HAL_Driver/Src/stm32g4xx_hal_dma.o
                0x080066ce                HAL_DMA_Abort_IT
 .text.HAL_DMA_IRQHandler
                0x0800679c      0x15e ./Drivers/STM32G4xx_HAL_Driver/Src/stm32g4xx_hal_dma.o
                0x0800679c                HAL_DMA_IRQHandler
 .text.DMA_SetConfig
                0x080068fa       0x7c ./Drivers/STM32G4xx_HAL_Driver/Src/stm32g4xx_hal_dma.o
 *fill*         0x08006976        0x2 
 .text.DMA_CalcDMAMUXChannelBaseAndMask
                0x08006978       0x90 ./Drivers/STM32G4xx_HAL_Driver/Src/stm32g4xx_hal_dma.o
 .text.DMA_CalcDMAMUXRequestGenBaseAndMask
                0x08006a08       0x4c ./Drivers/STM32G4xx_HAL_Driver/Src/stm32g4xx_hal_dma.o
 .text.HAL_GPIO_Init
                0x08006a54      0x318 ./Drivers/STM32G4xx_HAL_Driver/Src/stm32g4xx_hal_gpio.o
                0x08006a54                HAL_GPIO_Init
 .text.HAL_GPIO_WritePin
                0x08006d6c       0x30 ./Drivers/STM32G4xx_HAL_Driver/Src/stm32g4xx_hal_gpio.o
                0x08006d6c                HAL_GPIO_WritePin
 .text.HAL_GPIO_TogglePin
                0x08006d9c       0x34 ./Drivers/STM32G4xx_HAL_Driver/Src/stm32g4xx_hal_gpio.o
                0x08006d9c                HAL_GPIO_TogglePin
 .text.HAL_PCD_Init
                0x08006dd0      0x19c ./Drivers/STM32G4xx_HAL_Driver/Src/stm32g4xx_hal_pcd.o
                0x08006dd0                HAL_PCD_Init
 .text.HAL_PCDEx_ActivateLPM
                0x08006f6c       0x54 ./Drivers/STM32G4xx_HAL_Driver/Src/stm32g4xx_hal_pcd_ex.o
                0x08006f6c                HAL_PCDEx_ActivateLPM
 .text.HAL_PWREx_ControlVoltageScaling
                0x08006fc0      0x148 ./Drivers/STM32G4xx_HAL_Driver/Src/stm32g4xx_hal_pwr_ex.o
                0x08006fc0                HAL_PWREx_ControlVoltageScaling
 .text.HAL_PWREx_DisableUCPDDeadBattery
                0x08007108       0x20 ./Drivers/STM32G4xx_HAL_Driver/Src/stm32g4xx_hal_pwr_ex.o
                0x08007108                HAL_PWREx_DisableUCPDDeadBattery
 .text.HAL_RCC_OscConfig
                0x08007128      0x624 ./Drivers/STM32G4xx_HAL_Driver/Src/stm32g4xx_hal_rcc.o
                0x08007128                HAL_RCC_OscConfig
 .text.HAL_RCC_ClockConfig
                0x0800774c      0x278 ./Drivers/STM32G4xx_HAL_Driver/Src/stm32g4xx_hal_rcc.o
                0x0800774c                HAL_RCC_ClockConfig
 .text.HAL_RCC_GetSysClockFreq
                0x080079c4       0xc4 ./Drivers/STM32G4xx_HAL_Driver/Src/stm32g4xx_hal_rcc.o
                0x080079c4                HAL_RCC_GetSysClockFreq
 .text.HAL_RCC_GetHCLKFreq
                0x08007a88       0x18 ./Drivers/STM32G4xx_HAL_Driver/Src/stm32g4xx_hal_rcc.o
                0x08007a88                HAL_RCC_GetHCLKFreq
 .text.HAL_RCC_GetPCLK1Freq
                0x08007aa0       0x2c ./Drivers/STM32G4xx_HAL_Driver/Src/stm32g4xx_hal_rcc.o
                0x08007aa0                HAL_RCC_GetPCLK1Freq
 .text.HAL_RCC_GetPCLK2Freq
                0x08007acc       0x2c ./Drivers/STM32G4xx_HAL_Driver/Src/stm32g4xx_hal_rcc.o
                0x08007acc                HAL_RCC_GetPCLK2Freq
 .text.RCC_GetSysClockFreqFromPLLSource
                0x08007af8       0x8c ./Drivers/STM32G4xx_HAL_Driver/Src/stm32g4xx_hal_rcc.o
 .text.HAL_RCCEx_PeriphCLKConfig
                0x08007b84      0x3e0 ./Drivers/STM32G4xx_HAL_Driver/Src/stm32g4xx_hal_rcc_ex.o
                0x08007b84                HAL_RCCEx_PeriphCLKConfig
 .text.HAL_SPI_Init
                0x08007f64      0x156 ./Drivers/STM32G4xx_HAL_Driver/Src/stm32g4xx_hal_spi.o
                0x08007f64                HAL_SPI_Init
 .text.HAL_SPI_Transmit
                0x080080ba      0x2ec ./Drivers/STM32G4xx_HAL_Driver/Src/stm32g4xx_hal_spi.o
                0x080080ba                HAL_SPI_Transmit
 .text.HAL_SPI_TransmitReceive
                0x080083a6      0x43e ./Drivers/STM32G4xx_HAL_Driver/Src/stm32g4xx_hal_spi.o
                0x080083a6                HAL_SPI_TransmitReceive
 .text.SPI_WaitFlagStateUntilTimeout
                0x080087e4      0x110 ./Drivers/STM32G4xx_HAL_Driver/Src/stm32g4xx_hal_spi.o
 .text.SPI_WaitFifoStateUntilTimeout
                0x080088f4      0x12c ./Drivers/STM32G4xx_HAL_Driver/Src/stm32g4xx_hal_spi.o
 .text.SPI_EndRxTxTransaction
                0x08008a20       0x8c ./Drivers/STM32G4xx_HAL_Driver/Src/stm32g4xx_hal_spi.o
 .text.HAL_TIM_Base_Init
                0x08008aac       0xae ./Drivers/STM32G4xx_HAL_Driver/Src/stm32g4xx_hal_tim.o
                0x08008aac                HAL_TIM_Base_Init
 *fill*         0x08008b5a        0x2 
 .text.HAL_TIM_Base_Start_IT
                0x08008b5c       0xd4 ./Drivers/STM32G4xx_HAL_Driver/Src/stm32g4xx_hal_tim.o
                0x08008b5c                HAL_TIM_Base_Start_IT
 .text.HAL_TIM_Base_Stop_IT
                0x08008c30       0x60 ./Drivers/STM32G4xx_HAL_Driver/Src/stm32g4xx_hal_tim.o
                0x08008c30                HAL_TIM_Base_Stop_IT
 .text.HAL_TIM_PWM_Init
                0x08008c90       0xae ./Drivers/STM32G4xx_HAL_Driver/Src/stm32g4xx_hal_tim.o
                0x08008c90                HAL_TIM_PWM_Init
 .text.HAL_TIM_PWM_MspInit
                0x08008d3e       0x14 ./Drivers/STM32G4xx_HAL_Driver/Src/stm32g4xx_hal_tim.o
                0x08008d3e                HAL_TIM_PWM_MspInit
 *fill*         0x08008d52        0x2 
 .text.HAL_TIM_PWM_Start
                0x08008d54      0x200 ./Drivers/STM32G4xx_HAL_Driver/Src/stm32g4xx_hal_tim.o
                0x08008d54                HAL_TIM_PWM_Start
 .text.HAL_TIM_PWM_Stop
                0x08008f54      0x130 ./Drivers/STM32G4xx_HAL_Driver/Src/stm32g4xx_hal_tim.o
                0x08008f54                HAL_TIM_PWM_Stop
 .text.HAL_TIM_IC_Init
                0x08009084       0xae ./Drivers/STM32G4xx_HAL_Driver/Src/stm32g4xx_hal_tim.o
                0x08009084                HAL_TIM_IC_Init
 .text.HAL_TIM_IRQHandler
                0x08009132      0x29e ./Drivers/STM32G4xx_HAL_Driver/Src/stm32g4xx_hal_tim.o
                0x08009132                HAL_TIM_IRQHandler
 .text.HAL_TIM_IC_ConfigChannel
                0x080093d0      0x138 ./Drivers/STM32G4xx_HAL_Driver/Src/stm32g4xx_hal_tim.o
                0x080093d0                HAL_TIM_IC_ConfigChannel
 .text.HAL_TIM_PWM_ConfigChannel
                0x08009508      0x228 ./Drivers/STM32G4xx_HAL_Driver/Src/stm32g4xx_hal_tim.o
                0x08009508                HAL_TIM_PWM_ConfigChannel
 .text.HAL_TIM_ConfigClockSource
                0x08009730      0x1f4 ./Drivers/STM32G4xx_HAL_Driver/Src/stm32g4xx_hal_tim.o
                0x08009730                HAL_TIM_ConfigClockSource
 .text.HAL_TIM_OC_DelayElapsedCallback
                0x08009924       0x14 ./Drivers/STM32G4xx_HAL_Driver/Src/stm32g4xx_hal_tim.o
                0x08009924                HAL_TIM_OC_DelayElapsedCallback
 .text.HAL_TIM_IC_CaptureCallback
                0x08009938       0x14 ./Drivers/STM32G4xx_HAL_Driver/Src/stm32g4xx_hal_tim.o
                0x08009938                HAL_TIM_IC_CaptureCallback
 .text.HAL_TIM_PWM_PulseFinishedCallback
                0x0800994c       0x14 ./Drivers/STM32G4xx_HAL_Driver/Src/stm32g4xx_hal_tim.o
                0x0800994c                HAL_TIM_PWM_PulseFinishedCallback
 .text.HAL_TIM_TriggerCallback
                0x08009960       0x14 ./Drivers/STM32G4xx_HAL_Driver/Src/stm32g4xx_hal_tim.o
                0x08009960                HAL_TIM_TriggerCallback
 .text.TIM_Base_SetConfig
                0x08009974      0x12c ./Drivers/STM32G4xx_HAL_Driver/Src/stm32g4xx_hal_tim.o
                0x08009974                TIM_Base_SetConfig
 .text.TIM_OC1_SetConfig
                0x08009aa0      0x124 ./Drivers/STM32G4xx_HAL_Driver/Src/stm32g4xx_hal_tim.o
 .text.TIM_OC2_SetConfig
                0x08009bc4      0x118 ./Drivers/STM32G4xx_HAL_Driver/Src/stm32g4xx_hal_tim.o
                0x08009bc4                TIM_OC2_SetConfig
 .text.TIM_OC3_SetConfig
                0x08009cdc      0x114 ./Drivers/STM32G4xx_HAL_Driver/Src/stm32g4xx_hal_tim.o
 .text.TIM_OC4_SetConfig
                0x08009df0      0x118 ./Drivers/STM32G4xx_HAL_Driver/Src/stm32g4xx_hal_tim.o
 .text.TIM_OC5_SetConfig
                0x08009f08       0xc8 ./Drivers/STM32G4xx_HAL_Driver/Src/stm32g4xx_hal_tim.o
 .text.TIM_OC6_SetConfig
                0x08009fd0       0xcc ./Drivers/STM32G4xx_HAL_Driver/Src/stm32g4xx_hal_tim.o
 .text.TIM_TI1_SetConfig
                0x0800a09c      0x10c ./Drivers/STM32G4xx_HAL_Driver/Src/stm32g4xx_hal_tim.o
                0x0800a09c                TIM_TI1_SetConfig
 .text.TIM_TI1_ConfigInputStage
                0x0800a1a8       0xa8 ./Drivers/STM32G4xx_HAL_Driver/Src/stm32g4xx_hal_tim.o
 .text.TIM_TI2_SetConfig
                0x0800a250       0xa0 ./Drivers/STM32G4xx_HAL_Driver/Src/stm32g4xx_hal_tim.o
 .text.TIM_TI2_ConfigInputStage
                0x0800a2f0       0x84 ./Drivers/STM32G4xx_HAL_Driver/Src/stm32g4xx_hal_tim.o
 .text.TIM_TI3_SetConfig
                0x0800a374       0x9c ./Drivers/STM32G4xx_HAL_Driver/Src/stm32g4xx_hal_tim.o
 .text.TIM_TI4_SetConfig
                0x0800a410       0xa0 ./Drivers/STM32G4xx_HAL_Driver/Src/stm32g4xx_hal_tim.o
 .text.TIM_ITRx_SetConfig
                0x0800a4b0       0x3a ./Drivers/STM32G4xx_HAL_Driver/Src/stm32g4xx_hal_tim.o
 .text.TIM_ETR_SetConfig
                0x0800a4ea       0x40 ./Drivers/STM32G4xx_HAL_Driver/Src/stm32g4xx_hal_tim.o
                0x0800a4ea                TIM_ETR_SetConfig
 .text.TIM_CCxChannelCmd
                0x0800a52a       0x4a ./Drivers/STM32G4xx_HAL_Driver/Src/stm32g4xx_hal_tim.o
                0x0800a52a                TIM_CCxChannelCmd
 .text.HAL_TIMEx_PWMN_Start
                0x0800a574      0x168 ./Drivers/STM32G4xx_HAL_Driver/Src/stm32g4xx_hal_tim_ex.o
                0x0800a574                HAL_TIMEx_PWMN_Start
 .text.HAL_TIMEx_PWMN_Stop
                0x0800a6dc       0xbe ./Drivers/STM32G4xx_HAL_Driver/Src/stm32g4xx_hal_tim_ex.o
                0x0800a6dc                HAL_TIMEx_PWMN_Stop
 *fill*         0x0800a79a        0x2 
 .text.HAL_TIMEx_MasterConfigSynchronization
                0x0800a79c      0x104 ./Drivers/STM32G4xx_HAL_Driver/Src/stm32g4xx_hal_tim_ex.o
                0x0800a79c                HAL_TIMEx_MasterConfigSynchronization
 .text.HAL_TIMEx_ConfigBreakDeadTime
                0x0800a8a0      0x118 ./Drivers/STM32G4xx_HAL_Driver/Src/stm32g4xx_hal_tim_ex.o
                0x0800a8a0                HAL_TIMEx_ConfigBreakDeadTime
 .text.HAL_TIMEx_CommutCallback
                0x0800a9b8       0x14 ./Drivers/STM32G4xx_HAL_Driver/Src/stm32g4xx_hal_tim_ex.o
                0x0800a9b8                HAL_TIMEx_CommutCallback
 .text.HAL_TIMEx_BreakCallback
                0x0800a9cc       0x14 ./Drivers/STM32G4xx_HAL_Driver/Src/stm32g4xx_hal_tim_ex.o
                0x0800a9cc                HAL_TIMEx_BreakCallback
 .text.HAL_TIMEx_Break2Callback
                0x0800a9e0       0x14 ./Drivers/STM32G4xx_HAL_Driver/Src/stm32g4xx_hal_tim_ex.o
                0x0800a9e0                HAL_TIMEx_Break2Callback
 .text.HAL_TIMEx_EncoderIndexCallback
                0x0800a9f4       0x14 ./Drivers/STM32G4xx_HAL_Driver/Src/stm32g4xx_hal_tim_ex.o
                0x0800a9f4                HAL_TIMEx_EncoderIndexCallback
 .text.HAL_TIMEx_DirectionChangeCallback
                0x0800aa08       0x14 ./Drivers/STM32G4xx_HAL_Driver/Src/stm32g4xx_hal_tim_ex.o
                0x0800aa08                HAL_TIMEx_DirectionChangeCallback
 .text.HAL_TIMEx_IndexErrorCallback
                0x0800aa1c       0x14 ./Drivers/STM32G4xx_HAL_Driver/Src/stm32g4xx_hal_tim_ex.o
                0x0800aa1c                HAL_TIMEx_IndexErrorCallback
 .text.HAL_TIMEx_TransitionErrorCallback
                0x0800aa30       0x14 ./Drivers/STM32G4xx_HAL_Driver/Src/stm32g4xx_hal_tim_ex.o
                0x0800aa30                HAL_TIMEx_TransitionErrorCallback
 .text.TIM_CCxNChannelCmd
                0x0800aa44       0x4a ./Drivers/STM32G4xx_HAL_Driver/Src/stm32g4xx_hal_tim_ex.o
 .text.HAL_UART_Init
                0x0800aa8e       0xa0 ./Drivers/STM32G4xx_HAL_Driver/Src/stm32g4xx_hal_uart.o
                0x0800aa8e                HAL_UART_Init
 *fill*         0x0800ab2e        0x2 
 .text.HAL_UART_Transmit_DMA
                0x0800ab30      0x100 ./Drivers/STM32G4xx_HAL_Driver/Src/stm32g4xx_hal_uart.o
                0x0800ab30                HAL_UART_Transmit_DMA
 .text.HAL_UART_IRQHandler
                0x0800ac30      0x684 ./Drivers/STM32G4xx_HAL_Driver/Src/stm32g4xx_hal_uart.o
                0x0800ac30                HAL_UART_IRQHandler
 .text.HAL_UART_TxCpltCallback
                0x0800b2b4       0x14 ./Drivers/STM32G4xx_HAL_Driver/Src/stm32g4xx_hal_uart.o
                0x0800b2b4                HAL_UART_TxCpltCallback
 .text.HAL_UART_TxHalfCpltCallback
                0x0800b2c8       0x14 ./Drivers/STM32G4xx_HAL_Driver/Src/stm32g4xx_hal_uart.o
                0x0800b2c8                HAL_UART_TxHalfCpltCallback
 .text.HAL_UART_ErrorCallback
                0x0800b2dc       0x14 ./Drivers/STM32G4xx_HAL_Driver/Src/stm32g4xx_hal_uart.o
                0x0800b2dc                HAL_UART_ErrorCallback
 .text.HAL_UARTEx_RxEventCallback
                0x0800b2f0       0x18 ./Drivers/STM32G4xx_HAL_Driver/Src/stm32g4xx_hal_uart.o
                0x0800b2f0                HAL_UARTEx_RxEventCallback
 .text.HAL_UART_GetState
                0x0800b308       0x2a ./Drivers/STM32G4xx_HAL_Driver/Src/stm32g4xx_hal_uart.o
                0x0800b308                HAL_UART_GetState
 *fill*         0x0800b332        0x2 
 .text.UART_SetConfig
                0x0800b334      0x598 ./Drivers/STM32G4xx_HAL_Driver/Src/stm32g4xx_hal_uart.o
                0x0800b334                UART_SetConfig
 .text.UART_AdvFeatureConfig
                0x0800b8cc      0x144 ./Drivers/STM32G4xx_HAL_Driver/Src/stm32g4xx_hal_uart.o
                0x0800b8cc                UART_AdvFeatureConfig
 .text.UART_CheckIdleState
                0x0800ba10      0x154 ./Drivers/STM32G4xx_HAL_Driver/Src/stm32g4xx_hal_uart.o
                0x0800ba10                UART_CheckIdleState
 .text.UART_WaitOnFlagUntilTimeout
                0x0800bb64       0xda ./Drivers/STM32G4xx_HAL_Driver/Src/stm32g4xx_hal_uart.o
                0x0800bb64                UART_WaitOnFlagUntilTimeout
 .text.UART_EndTxTransfer
                0x0800bc3e       0x82 ./Drivers/STM32G4xx_HAL_Driver/Src/stm32g4xx_hal_uart.o
 .text.UART_EndRxTransfer
                0x0800bcc0       0xcc ./Drivers/STM32G4xx_HAL_Driver/Src/stm32g4xx_hal_uart.o
 .text.UART_DMATransmitCplt
                0x0800bd8c       0x9a ./Drivers/STM32G4xx_HAL_Driver/Src/stm32g4xx_hal_uart.o
 .text.UART_DMATxHalfCplt
                0x0800be26       0x1c ./Drivers/STM32G4xx_HAL_Driver/Src/stm32g4xx_hal_uart.o
 .text.UART_DMAError
                0x0800be42       0x70 ./Drivers/STM32G4xx_HAL_Driver/Src/stm32g4xx_hal_uart.o
 .text.UART_DMAAbortOnError
                0x0800beb2       0x1c ./Drivers/STM32G4xx_HAL_Driver/Src/stm32g4xx_hal_uart.o
 .text.UART_EndTransmit_IT
                0x0800bece       0x56 ./Drivers/STM32G4xx_HAL_Driver/Src/stm32g4xx_hal_uart.o
 .text.HAL_UARTEx_WakeupCallback
                0x0800bf24       0x14 ./Drivers/STM32G4xx_HAL_Driver/Src/stm32g4xx_hal_uart_ex.o
                0x0800bf24                HAL_UARTEx_WakeupCallback
 .text.HAL_UARTEx_RxFifoFullCallback
                0x0800bf38       0x14 ./Drivers/STM32G4xx_HAL_Driver/Src/stm32g4xx_hal_uart_ex.o
                0x0800bf38                HAL_UARTEx_RxFifoFullCallback
 .text.HAL_UARTEx_TxFifoEmptyCallback
                0x0800bf4c       0x14 ./Drivers/STM32G4xx_HAL_Driver/Src/stm32g4xx_hal_uart_ex.o
                0x0800bf4c                HAL_UARTEx_TxFifoEmptyCallback
 .text.HAL_UARTEx_DisableFifoMode
                0x0800bf60       0x72 ./Drivers/STM32G4xx_HAL_Driver/Src/stm32g4xx_hal_uart_ex.o
                0x0800bf60                HAL_UARTEx_DisableFifoMode
 .text.HAL_UARTEx_SetTxFifoThreshold
                0x0800bfd2       0x7c ./Drivers/STM32G4xx_HAL_Driver/Src/stm32g4xx_hal_uart_ex.o
                0x0800bfd2                HAL_UARTEx_SetTxFifoThreshold
 .text.HAL_UARTEx_SetRxFifoThreshold
                0x0800c04e       0x7c ./Drivers/STM32G4xx_HAL_Driver/Src/stm32g4xx_hal_uart_ex.o
                0x0800c04e                HAL_UARTEx_SetRxFifoThreshold
 *fill*         0x0800c0ca        0x2 
 .text.UARTEx_SetNbDataToProcess
                0x0800c0cc       0x9c ./Drivers/STM32G4xx_HAL_Driver/Src/stm32g4xx_hal_uart_ex.o
 .text.USB_DisableGlobalInt
                0x0800c168       0x36 ./Drivers/STM32G4xx_HAL_Driver/Src/stm32g4xx_ll_usb.o
                0x0800c168                USB_DisableGlobalInt
 .text.USB_DevInit
                0x0800c19e       0x3c ./Drivers/STM32G4xx_HAL_Driver/Src/stm32g4xx_ll_usb.o
                0x0800c19e                USB_DevInit
 .text._vsnprintf_r
                0x0800c1da       0x5c D:/Installed Software/STM32CubeIDE_1.19.0/STM32CubeIDE/plugins/com.st.stm32cube.ide.mcu.externaltools.gnu-tools-for-stm32.14.3.rel1.win32_1.0.100.202602081740/tools/bin/../lib/gcc/arm-none-eabi/14.3.1/../../../../arm-none-eabi/lib/thumb/v7e-m+fp/hard\libc_nano.a(libc_a-vsnprintf.o)
                0x0800c1da                _vsniprintf_r
                0x0800c1da                _vsnprintf_r
 *fill*         0x0800c236        0x2 
 .text.vsnprintf
                0x0800c238       0x1c D:/Installed Software/STM32CubeIDE_1.19.0/STM32CubeIDE/plugins/com.st.stm32cube.ide.mcu.externaltools.gnu-tools-for-stm32.14.3.rel1.win32_1.0.100.202602081740/tools/bin/../lib/gcc/arm-none-eabi/14.3.1/../../../../arm-none-eabi/lib/thumb/v7e-m+fp/hard\libc_nano.a(libc_a-vsnprintf.o)
                0x0800c238                vsniprintf
                0x0800c238                vsnprintf
 .text.memset   0x0800c254       0x10 D:/Installed Software/STM32CubeIDE_1.19.0/STM32CubeIDE/plugins/com.st.stm32cube.ide.mcu.externaltools.gnu-tools-for-stm32.14.3.rel1.win32_1.0.100.202602081740/tools/bin/../lib/gcc/arm-none-eabi/14.3.1/../../../../arm-none-eabi/lib/thumb/v7e-m+fp/hard\libc_nano.a(libc_a-memset.o)
                0x0800c254                memset
 .text.__errno  0x0800c264        0xc D:/Installed Software/STM32CubeIDE_1.19.0/STM32CubeIDE/plugins/com.st.stm32cube.ide.mcu.externaltools.gnu-tools-for-stm32.14.3.rel1.win32_1.0.100.202602081740/tools/bin/../lib/gcc/arm-none-eabi/14.3.1/../../../../arm-none-eabi/lib/thumb/v7e-m+fp/hard\libc_nano.a(libc_a-errno.o)
                0x0800c264                __errno
 .text.__libc_init_array
                0x0800c270       0x48 D:/Installed Software/STM32CubeIDE_1.19.0/STM32CubeIDE/plugins/com.st.stm32cube.ide.mcu.externaltools.gnu-tools-for-stm32.14.3.rel1.win32_1.0.100.202602081740/tools/bin/../lib/gcc/arm-none-eabi/14.3.1/../../../../arm-none-eabi/lib/thumb/v7e-m+fp/hard\libc_nano.a(libc_a-init.o)
                0x0800c270                __libc_init_array
 .text.__retarget_lock_acquire_recursive
                0x0800c2b8        0x2 D:/Installed Software/STM32CubeIDE_1.19.0/STM32CubeIDE/plugins/com.st.stm32cube.ide.mcu.externaltools.gnu-tools-for-stm32.14.3.rel1.win32_1.0.100.202602081740/tools/bin/../lib/gcc/arm-none-eabi/14.3.1/../../../../arm-none-eabi/lib/thumb/v7e-m+fp/hard\libc_nano.a(libc_a-lock.o)
                0x0800c2b8                __retarget_lock_acquire_recursive
 .text.__retarget_lock_release_recursive
                0x0800c2ba        0x2 D:/Installed Software/STM32CubeIDE_1.19.0/STM32CubeIDE/plugins/com.st.stm32cube.ide.mcu.externaltools.gnu-tools-for-stm32.14.3.rel1.win32_1.0.100.202602081740/tools/bin/../lib/gcc/arm-none-eabi/14.3.1/../../../../arm-none-eabi/lib/thumb/v7e-m+fp/hard\libc_nano.a(libc_a-lock.o)
                0x0800c2ba                __retarget_lock_release_recursive
 .text._free_r  0x0800c2bc       0x94 D:/Installed Software/STM32CubeIDE_1.19.0/STM32CubeIDE/plugins/com.st.stm32cube.ide.mcu.externaltools.gnu-tools-for-stm32.14.3.rel1.win32_1.0.100.202602081740/tools/bin/../lib/gcc/arm-none-eabi/14.3.1/../../../../arm-none-eabi/lib/thumb/v7e-m+fp/hard\libc_nano.a(libc_a-freer.o)
                0x0800c2bc                _free_r
 .text.sbrk_aligned
                0x0800c350       0x44 D:/Installed Software/STM32CubeIDE_1.19.0/STM32CubeIDE/plugins/com.st.stm32cube.ide.mcu.externaltools.gnu-tools-for-stm32.14.3.rel1.win32_1.0.100.202602081740/tools/bin/../lib/gcc/arm-none-eabi/14.3.1/../../../../arm-none-eabi/lib/thumb/v7e-m+fp/hard\libc_nano.a(libc_a-mallocr.o)
 .text._malloc_r
                0x0800c394      0x100 D:/Installed Software/STM32CubeIDE_1.19.0/STM32CubeIDE/plugins/com.st.stm32cube.ide.mcu.externaltools.gnu-tools-for-stm32.14.3.rel1.win32_1.0.100.202602081740/tools/bin/../lib/gcc/arm-none-eabi/14.3.1/../../../../arm-none-eabi/lib/thumb/v7e-m+fp/hard\libc_nano.a(libc_a-mallocr.o)
                0x0800c394                _malloc_r
 .text.__malloc_lock
                0x0800c494        0xc D:/Installed Software/STM32CubeIDE_1.19.0/STM32CubeIDE/plugins/com.st.stm32cube.ide.mcu.externaltools.gnu-tools-for-stm32.14.3.rel1.win32_1.0.100.202602081740/tools/bin/../lib/gcc/arm-none-eabi/14.3.1/../../../../arm-none-eabi/lib/thumb/v7e-m+fp/hard\libc_nano.a(libc_a-mlock.o)
                0x0800c494                __malloc_lock
 .text.__malloc_unlock
                0x0800c4a0        0xc D:/Installed Software/STM32CubeIDE_1.19.0/STM32CubeIDE/plugins/com.st.stm32cube.ide.mcu.externaltools.gnu-tools-for-stm32.14.3.rel1.win32_1.0.100.202602081740/tools/bin/../lib/gcc/arm-none-eabi/14.3.1/../../../../arm-none-eabi/lib/thumb/v7e-m+fp/hard\libc_nano.a(libc_a-mlock.o)
                0x0800c4a0                __malloc_unlock
 .text.__ssputs_r
                0x0800c4ac       0xc0 D:/Installed Software/STM32CubeIDE_1.19.0/STM32CubeIDE/plugins/com.st.stm32cube.ide.mcu.externaltools.gnu-tools-for-stm32.14.3.rel1.win32_1.0.100.202602081740/tools/bin/../lib/gcc/arm-none-eabi/14.3.1/../../../../arm-none-eabi/lib/thumb/v7e-m+fp/hard\libc_nano.a(libc_a-nano-svfprintf.o)
                0x0800c4ac                __ssputs_r
 .text._svfprintf_r
                0x0800c56c      0x1f0 D:/Installed Software/STM32CubeIDE_1.19.0/STM32CubeIDE/plugins/com.st.stm32cube.ide.mcu.externaltools.gnu-tools-for-stm32.14.3.rel1.win32_1.0.100.202602081740/tools/bin/../lib/gcc/arm-none-eabi/14.3.1/../../../../arm-none-eabi/lib/thumb/v7e-m+fp/hard\libc_nano.a(libc_a-nano-svfprintf.o)
                0x0800c56c                _svfiprintf_r
                0x0800c56c                _svfprintf_r
 .text._printf_common
                0x0800c75c       0xda D:/Installed Software/STM32CubeIDE_1.19.0/STM32CubeIDE/plugins/com.st.stm32cube.ide.mcu.externaltools.gnu-tools-for-stm32.14.3.rel1.win32_1.0.100.202602081740/tools/bin/../lib/gcc/arm-none-eabi/14.3.1/../../../../arm-none-eabi/lib/thumb/v7e-m+fp/hard\libc_nano.a(libc_a-nano-vfprintf_i.o)
                0x0800c75c                _printf_common
 *fill*         0x0800c836        0x2 
 .text._printf_i
                0x0800c838      0x24c D:/Installed Software/STM32CubeIDE_1.19.0/STM32CubeIDE/plugins/com.st.stm32cube.ide.mcu.externaltools.gnu-tools-for-stm32.14.3.rel1.win32_1.0.100.202602081740/tools/bin/../lib/gcc/arm-none-eabi/14.3.1/../../../../arm-none-eabi/lib/thumb/v7e-m+fp/hard\libc_nano.a(libc_a-nano-vfprintf_i.o)
                0x0800c838                _printf_i
 .text.memmove  0x0800ca84       0x32 D:/Installed Software/STM32CubeIDE_1.19.0/STM32CubeIDE/plugins/com.st.stm32cube.ide.mcu.externaltools.gnu-tools-for-stm32.14.3.rel1.win32_1.0.100.202602081740/tools/bin/../lib/gcc/arm-none-eabi/14.3.1/../../../../arm-none-eabi/lib/thumb/v7e-m+fp/hard\libc_nano.a(libc_a-memmove.o)
                0x0800ca84                memmove
 *fill*         0x0800cab6        0x2 
 .text._sbrk_r  0x0800cab8       0x20 D:/Installed Software/STM32CubeIDE_1.19.0/STM32CubeIDE/plugins/com.st.stm32cube.ide.mcu.externaltools.gnu-tools-for-stm32.14.3.rel1.win32_1.0.100.202602081740/tools/bin/../lib/gcc/arm-none-eabi/14.3.1/../../../../arm-none-eabi/lib/thumb/v7e-m+fp/hard\libc_nano.a(libc_a-sbrkr.o)
                0x0800cab8                _sbrk_r
 .text.memcpy   0x0800cad8       0x1c D:/Installed Software/STM32CubeIDE_1.19.0/STM32CubeIDE/plugins/com.st.stm32cube.ide.mcu.externaltools.gnu-tools-for-stm32.14.3.rel1.win32_1.0.100.202602081740/tools/bin/../lib/gcc/arm-none-eabi/14.3.1/../../../../arm-none-eabi/lib/thumb/v7e-m+fp/hard\libc_nano.a(libc_a-memcpy-stub.o)
                0x0800cad8                memcpy
 .text._realloc_r
                0x0800caf4       0x5c D:/Installed Software/STM32CubeIDE_1.19.0/STM32CubeIDE/plugins/com.st.stm32cube.ide.mcu.externaltools.gnu-tools-for-stm32.14.3.rel1.win32_1.0.100.202602081740/tools/bin/../lib/gcc/arm-none-eabi/14.3.1/../../../../arm-none-eabi/lib/thumb/v7e-m+fp/hard\libc_nano.a(libc_a-reallocr.o)
                0x0800caf4                _realloc_r
 .text._malloc_usable_size_r
                0x0800cb50       0x10 D:/Installed Software/STM32CubeIDE_1.19.0/STM32CubeIDE/plugins/com.st.stm32cube.ide.mcu.externaltools.gnu-tools-for-stm32.14.3.rel1.win32_1.0.100.202602081740/tools/bin/../lib/gcc/arm-none-eabi/14.3.1/../../../../arm-none-eabi/lib/thumb/v7e-m+fp/hard\libc_nano.a(libc_a-msizer.o)
                0x0800cb50                _malloc_usable_size_r
 .text.atan2f   0x0800cb60        0x4 D:/Installed Software/STM32CubeIDE_1.19.0/STM32CubeIDE/plugins/com.st.stm32cube.ide.mcu.externaltools.gnu-tools-for-stm32.14.3.rel1.win32_1.0.100.202602081740/tools/bin/../lib/gcc/arm-none-eabi/14.3.1/../../../../arm-none-eabi/lib/thumb/v7e-m+fp/hard\libm.a(libm_a-wf_atan2.o)
                0x0800cb60                atan2f
 .text.cosf     0x0800cb64       0x70 D:/Installed Software/STM32CubeIDE_1.19.0/STM32CubeIDE/plugins/com.st.stm32cube.ide.mcu.externaltools.gnu-tools-for-stm32.14.3.rel1.win32_1.0.100.202602081740/tools/bin/../lib/gcc/arm-none-eabi/14.3.1/../../../../arm-none-eabi/lib/thumb/v7e-m+fp/hard\libm.a(libm_a-sf_cos.o)
                0x0800cb64                cosf
 .text.sinf     0x0800cbd4       0x74 D:/Installed Software/STM32CubeIDE_1.19.0/STM32CubeIDE/plugins/com.st.stm32cube.ide.mcu.externaltools.gnu-tools-for-stm32.14.3.rel1.win32_1.0.100.202602081740/tools/bin/../lib/gcc/arm-none-eabi/14.3.1/../../../../arm-none-eabi/lib/thumb/v7e-m+fp/hard\libm.a(libm_a-sf_sin.o)
                0x0800cbd4                sinf
 .text.__kernel_cosf
                0x0800cc48      0x104 D:/Installed Software/STM32CubeIDE_1.19.0/STM32CubeIDE/plugins/com.st.stm32cube.ide.mcu.externaltools.gnu-tools-for-stm32.14.3.rel1.win32_1.0.100.202602081740/tools/bin/../lib/gcc/arm-none-eabi/14.3.1/../../../../arm-none-eabi/lib/thumb/v7e-m+fp/hard\libm.a(libm_a-kf_cos.o)
                0x0800cc48                __kernel_cosf
 .text.__kernel_sinf
                0x0800cd4c       0x90 D:/Installed Software/STM32CubeIDE_1.19.0/STM32CubeIDE/plugins/com.st.stm32cube.ide.mcu.externaltools.gnu-tools-for-stm32.14.3.rel1.win32_1.0.100.202602081740/tools/bin/../lib/gcc/arm-none-eabi/14.3.1/../../../../arm-none-eabi/lib/thumb/v7e-m+fp/hard\libm.a(libm_a-kf_sin.o)
                0x0800cd4c                __kernel_sinf
 .text.__ieee754_atan2f
                0x0800cddc      0x14c D:/Installed Software/STM32CubeIDE_1.19.0/STM32CubeIDE/plugins/com.st.stm32cube.ide.mcu.externaltools.gnu-tools-for-stm32.14.3.rel1.win32_1.0.100.202602081740/tools/bin/../lib/gcc/arm-none-eabi/14.3.1/../../../../arm-none-eabi/lib/thumb/v7e-m+fp/hard\libm.a(libm_a-ef_atan2.o)
                0x0800cddc                __ieee754_atan2f
 .text.__ieee754_rem_pio2f
                0x0800cf28      0x26c D:/Installed Software/STM32CubeIDE_1.19.0/STM32CubeIDE/plugins/com.st.stm32cube.ide.mcu.externaltools.gnu-tools-for-stm32.14.3.rel1.win32_1.0.100.202602081740/tools/bin/../lib/gcc/arm-none-eabi/14.3.1/../../../../arm-none-eabi/lib/thumb/v7e-m+fp/hard\libm.a(libm_a-ef_rem_pio2.o)
                0x0800cf28                __ieee754_rem_pio2f
 .text.atanf    0x0800d194      0x1a4 D:/Installed Software/STM32CubeIDE_1.19.0/STM32CubeIDE/plugins/com.st.stm32cube.ide.mcu.externaltools.gnu-tools-for-stm32.14.3.rel1.win32_1.0.100.202602081740/tools/bin/../lib/gcc/arm-none-eabi/14.3.1/../../../../arm-none-eabi/lib/thumb/v7e-m+fp/hard\libm.a(libm_a-sf_atan.o)
                0x0800d194                atanf
 .text.fabsf    0x0800d338       0x10 D:/Installed Software/STM32CubeIDE_1.19.0/STM32CubeIDE/plugins/com.st.stm32cube.ide.mcu.externaltools.gnu-tools-for-stm32.14.3.rel1.win32_1.0.100.202602081740/tools/bin/../lib/gcc/arm-none-eabi/14.3.1/../../../../arm-none-eabi/lib/thumb/v7e-m+fp/hard\libm.a(libm_a-sf_fabs.o)
                0x0800d338                fabsf
 .text.__kernel_rem_pio2f
                0x0800d348      0x68c D:/Installed Software/STM32CubeIDE_1.19.0/STM32CubeIDE/plugins/com.st.stm32cube.ide.mcu.externaltools.gnu-tools-for-stm32.14.3.rel1.win32_1.0.100.202602081740/tools/bin/../lib/gcc/arm-none-eabi/14.3.1/../../../../arm-none-eabi/lib/thumb/v7e-m+fp/hard\libm.a(libm_a-kf_rem_pio2.o)
                0x0800d348                __kernel_rem_pio2f
 .text.scalbnf  0x0800d9d4       0xdc D:/Installed Software/STM32CubeIDE_1.19.0/STM32CubeIDE/plugins/com.st.stm32cube.ide.mcu.externaltools.gnu-tools-for-stm32.14.3.rel1.win32_1.0.100.202602081740/tools/bin/../lib/gcc/arm-none-eabi/14.3.1/../../../../arm-none-eabi/lib/thumb/v7e-m+fp/hard\libm.a(libm_a-sf_scalbn.o)
                0x0800d9d4                scalbnf
 .text.floorf   0x0800dab0       0x94 D:/Installed Software/STM32CubeIDE_1.19.0/STM32CubeIDE/plugins/com.st.stm32cube.ide.mcu.externaltools.gnu-tools-for-stm32.14.3.rel1.win32_1.0.100.202602081740/tools/bin/../lib/gcc/arm-none-eabi/14.3.1/../../../../arm-none-eabi/lib/thumb/v7e-m+fp/hard\libm.a(libm_a-sf_floor.o)
                0x0800dab0                floorf
 *(.glue_7)
 .glue_7        0x0800db44        0x0 linker stubs
 *(.glue_7t)
 .glue_7t       0x0800db44        0x0 linker stubs
 *(.eh_frame)
 .eh_frame      0x0800db44        0x0 D:/Installed Software/STM32CubeIDE_1.19.0/STM32CubeIDE/plugins/com.st.stm32cube.ide.mcu.externaltools.gnu-tools-for-stm32.14.3.rel1.win32_1.0.100.202602081740/tools/bin/../lib/gcc/arm-none-eabi/14.3.1/thumb/v7e-m+fp/hard/crtbegin.o
 *(.init)
 .init          0x0800db44        0x4 D:/Installed Software/STM32CubeIDE_1.19.0/STM32CubeIDE/plugins/com.st.stm32cube.ide.mcu.externaltools.gnu-tools-for-stm32.14.3.rel1.win32_1.0.100.202602081740/tools/bin/../lib/gcc/arm-none-eabi/14.3.1/thumb/v7e-m+fp/hard/crti.o
                0x0800db44                _init
 .init          0x0800db48        0x8 D:/Installed Software/STM32CubeIDE_1.19.0/STM32CubeIDE/plugins/com.st.stm32cube.ide.mcu.externaltools.gnu-tools-for-stm32.14.3.rel1.win32_1.0.100.202602081740/tools/bin/../lib/gcc/arm-none-eabi/14.3.1/thumb/v7e-m+fp/hard/crtn.o
 *(.fini)
 .fini          0x0800db50        0x4 D:/Installed Software/STM32CubeIDE_1.19.0/STM32CubeIDE/plugins/com.st.stm32cube.ide.mcu.externaltools.gnu-tools-for-stm32.14.3.rel1.win32_1.0.100.202602081740/tools/bin/../lib/gcc/arm-none-eabi/14.3.1/thumb/v7e-m+fp/hard/crti.o
                0x0800db50                _fini
 .fini          0x0800db54        0x8 D:/Installed Software/STM32CubeIDE_1.19.0/STM32CubeIDE/plugins/com.st.stm32cube.ide.mcu.externaltools.gnu-tools-for-stm32.14.3.rel1.win32_1.0.100.202602081740/tools/bin/../lib/gcc/arm-none-eabi/14.3.1/thumb/v7e-m+fp/hard/crtn.o
                0x0800db5c                        . = ALIGN (0x4)
                0x0800db5c                        _etext = .

.vfp11_veneer   0x0800db5c        0x0
 .vfp11_veneer  0x0800db5c        0x0 linker stubs

.v4_bx          0x0800db5c        0x0
 .v4_bx         0x0800db5c        0x0 linker stubs

.iplt           0x0800db5c        0x0
 .iplt          0x0800db5c        0x0 D:/Installed Software/STM32CubeIDE_1.19.0/STM32CubeIDE/plugins/com.st.stm32cube.ide.mcu.externaltools.gnu-tools-for-stm32.14.3.rel1.win32_1.0.100.202602081740/tools/bin/../lib/gcc/arm-none-eabi/14.3.1/thumb/v7e-m+fp/hard/crtbegin.o

.rodata         0x0800db5c      0x4dc
                0x0800db5c                        . = ALIGN (0x4)
 *(.rodata)
 .rodata        0x0800db5c       0x18 ./Core/Src/app.o
 *(.rodata*)
 .rodata.step_to_theta
                0x0800db74       0x18 ./Core/Src/app.o
                0x0800db74                step_to_theta
 .rodata.v_alpha_table
                0x0800db8c       0x18 ./Core/Src/app.o
                0x0800db8c                v_alpha_table
 .rodata.v_beta_table
                0x0800dba4       0x18 ./Core/Src/app.o
                0x0800dba4                v_beta_table
 .rodata.AHBPrescTable
                0x0800dbbc       0x10 ./Core/Src/system_stm32g4xx.o
                0x0800dbbc                AHBPrescTable
 .rodata.APBPrescTable
                0x0800dbcc        0x8 ./Core/Src/system_stm32g4xx.o
                0x0800dbcc                APBPrescTable
 .rodata.UARTPrescTable
                0x0800dbd4       0x18 ./Drivers/STM32G4xx_HAL_Driver/Src/stm32g4xx_hal_uart.o
                0x0800dbd4                UARTPrescTable
 .rodata.numerator.1
                0x0800dbec        0x8 ./Drivers/STM32G4xx_HAL_Driver/Src/stm32g4xx_hal_uart_ex.o
 .rodata.denominator.0
                0x0800dbf4        0x8 ./Drivers/STM32G4xx_HAL_Driver/Src/stm32g4xx_hal_uart_ex.o
 .rodata._svfprintf_r.str1.1
                0x0800dbfc       0x33 D:/Installed Software/STM32CubeIDE_1.19.0/STM32CubeIDE/plugins/com.st.stm32cube.ide.mcu.externaltools.gnu-tools-for-stm32.14.3.rel1.win32_1.0.100.202602081740/tools/bin/../lib/gcc/arm-none-eabi/14.3.1/../../../../arm-none-eabi/lib/thumb/v7e-m+fp/hard\libc_nano.a(libc_a-nano-svfprintf.o)
                                 0x11 (size before relaxing)
 .rodata._printf_i.str1.1
                0x0800dc2f       0x22 D:/Installed Software/STM32CubeIDE_1.19.0/STM32CubeIDE/plugins/com.st.stm32cube.ide.mcu.externaltools.gnu-tools-for-stm32.14.3.rel1.win32_1.0.100.202602081740/tools/bin/../lib/gcc/arm-none-eabi/14.3.1/../../../../arm-none-eabi/lib/thumb/v7e-m+fp/hard\libc_nano.a(libc_a-nano-vfprintf_i.o)
 *fill*         0x0800dc2f        0x1 
 .rodata.CSWTCH.9
                0x0800dc30        0xc D:/Installed Software/STM32CubeIDE_1.19.0/STM32CubeIDE/plugins/com.st.stm32cube.ide.mcu.externaltools.gnu-tools-for-stm32.14.3.rel1.win32_1.0.100.202602081740/tools/bin/../lib/gcc/arm-none-eabi/14.3.1/../../../../arm-none-eabi/lib/thumb/v7e-m+fp/hard\libm.a(libm_a-ef_atan2.o)
 .rodata.CSWTCH.8
                0x0800dc3c        0xc D:/Installed Software/STM32CubeIDE_1.19.0/STM32CubeIDE/plugins/com.st.stm32cube.ide.mcu.externaltools.gnu-tools-for-stm32.14.3.rel1.win32_1.0.100.202602081740/tools/bin/../lib/gcc/arm-none-eabi/14.3.1/../../../../arm-none-eabi/lib/thumb/v7e-m+fp/hard\libm.a(libm_a-ef_atan2.o)
 .rodata.npio2_hw
                0x0800dc48       0x80 D:/Installed Software/STM32CubeIDE_1.19.0/STM32CubeIDE/plugins/com.st.stm32cube.ide.mcu.externaltools.gnu-tools-for-stm32.14.3.rel1.win32_1.0.100.202602081740/tools/bin/../lib/gcc/arm-none-eabi/14.3.1/../../../../arm-none-eabi/lib/thumb/v7e-m+fp/hard\libm.a(libm_a-ef_rem_pio2.o)
 .rodata.two_over_pi
                0x0800dcc8      0x318 D:/Installed Software/STM32CubeIDE_1.19.0/STM32CubeIDE/plugins/com.st.stm32cube.ide.mcu.externaltools.gnu-tools-for-stm32.14.3.rel1.win32_1.0.100.202602081740/tools/bin/../lib/gcc/arm-none-eabi/14.3.1/../../../../arm-none-eabi/lib/thumb/v7e-m+fp/hard\libm.a(libm_a-ef_rem_pio2.o)
 .rodata.atanlo
                0x0800dfe0       0x10 D:/Installed Software/STM32CubeIDE_1.19.0/STM32CubeIDE/plugins/com.st.stm32cube.ide.mcu.externaltools.gnu-tools-for-stm32.14.3.rel1.win32_1.0.100.202602081740/tools/bin/../lib/gcc/arm-none-eabi/14.3.1/../../../../arm-none-eabi/lib/thumb/v7e-m+fp/hard\libm.a(libm_a-sf_atan.o)
 .rodata.atanhi
                0x0800dff0       0x10 D:/Installed Software/STM32CubeIDE_1.19.0/STM32CubeIDE/plugins/com.st.stm32cube.ide.mcu.externaltools.gnu-tools-for-stm32.14.3.rel1.win32_1.0.100.202602081740/tools/bin/../lib/gcc/arm-none-eabi/14.3.1/../../../../arm-none-eabi/lib/thumb/v7e-m+fp/hard\libm.a(libm_a-sf_atan.o)
 .rodata.PIo2   0x0800e000       0x2c D:/Installed Software/STM32CubeIDE_1.19.0/STM32CubeIDE/plugins/com.st.stm32cube.ide.mcu.externaltools.gnu-tools-for-stm32.14.3.rel1.win32_1.0.100.202602081740/tools/bin/../lib/gcc/arm-none-eabi/14.3.1/../../../../arm-none-eabi/lib/thumb/v7e-m+fp/hard\libm.a(libm_a-kf_rem_pio2.o)
 .rodata.init_jk
                0x0800e02c        0xc D:/Installed Software/STM32CubeIDE_1.19.0/STM32CubeIDE/plugins/com.st.stm32cube.ide.mcu.externaltools.gnu-tools-for-stm32.14.3.rel1.win32_1.0.100.202602081740/tools/bin/../lib/gcc/arm-none-eabi/14.3.1/../../../../arm-none-eabi/lib/thumb/v7e-m+fp/hard\libm.a(libm_a-kf_rem_pio2.o)
                0x0800e038                        . = ALIGN (0x4)

.ARM.extab      0x0800e038        0x0
                0x0800e038                        . = ALIGN (0x4)
 *(.ARM.extab* .gnu.linkonce.armextab.*)
                0x0800e038                        . = ALIGN (0x4)

.ARM            0x0800e038        0x8
                0x0800e038                        . = ALIGN (0x4)
                0x0800e038                        __exidx_start = .
 *(.ARM.exidx*)
 .ARM.exidx     0x0800e038        0x8 D:/Installed Software/STM32CubeIDE_1.19.0/STM32CubeIDE/plugins/com.st.stm32cube.ide.mcu.externaltools.gnu-tools-for-stm32.14.3.rel1.win32_1.0.100.202602081740/tools/bin/../lib/gcc/arm-none-eabi/14.3.1/../../../../arm-none-eabi/lib/thumb/v7e-m+fp/hard\libc_nano.a(libc_a-memchr.o)
 .ARM.exidx     0x0800e040        0x0 D:/Installed Software/STM32CubeIDE_1.19.0/STM32CubeIDE/plugins/com.st.stm32cube.ide.mcu.externaltools.gnu-tools-for-stm32.14.3.rel1.win32_1.0.100.202602081740/tools/bin/../lib/gcc/arm-none-eabi/14.3.1/thumb/v7e-m+fp/hard\libgcc.a(_udivmoddi4.o)
                                  0x8 (size before relaxing)
                0x0800e040                        __exidx_end = .
                0x0800e040                        . = ALIGN (0x4)

.preinit_array  0x0800e040        0x0
                0x0800e040                        . = ALIGN (0x4)
                0x0800e040                        PROVIDE (__preinit_array_start = .)
 *(.preinit_array*)
                0x0800e040                        PROVIDE (__preinit_array_end = .)
                0x0800e040                        . = ALIGN (0x4)

.init_array     0x0800e040        0x4
                0x0800e040                        . = ALIGN (0x4)
                0x0800e040                        PROVIDE (__init_array_start = .)
 *(SORT_BY_NAME(.init_array.*))
 *(.init_array*)
 .init_array    0x0800e040        0x4 D:/Installed Software/STM32CubeIDE_1.19.0/STM32CubeIDE/plugins/com.st.stm32cube.ide.mcu.externaltools.gnu-tools-for-stm32.14.3.rel1.win32_1.0.100.202602081740/tools/bin/../lib/gcc/arm-none-eabi/14.3.1/thumb/v7e-m+fp/hard/crtbegin.o
                0x0800e044                        PROVIDE (__init_array_end = .)
                0x0800e044                        . = ALIGN (0x4)

.fini_array     0x0800e044        0x4
                0x0800e044                        . = ALIGN (0x4)
                [!provide]                        PROVIDE (__fini_array_start = .)
 *(SORT_BY_NAME(.fini_array.*))
 *(.fini_array*)
 .fini_array    0x0800e044        0x4 D:/Installed Software/STM32CubeIDE_1.19.0/STM32CubeIDE/plugins/com.st.stm32cube.ide.mcu.externaltools.gnu-tools-for-stm32.14.3.rel1.win32_1.0.100.202602081740/tools/bin/../lib/gcc/arm-none-eabi/14.3.1/thumb/v7e-m+fp/hard/crtbegin.o
                [!provide]                        PROVIDE (__fini_array_end = .)
                0x0800e048                        . = ALIGN (0x4)
                0x0800e048                        _sidata = LOADADDR (.data)

.rel.dyn        0x0800e048        0x0
 .rel.iplt      0x0800e048        0x0 D:/Installed Software/STM32CubeIDE_1.19.0/STM32CubeIDE/plugins/com.st.stm32cube.ide.mcu.externaltools.gnu-tools-for-stm32.14.3.rel1.win32_1.0.100.202602081740/tools/bin/../lib/gcc/arm-none-eabi/14.3.1/thumb/v7e-m+fp/hard/crtbegin.o

.data           0x20000000       0x70 load address 0x0800e048
                0x20000000                        . = ALIGN (0x4)
                0x20000000                        _sdata = .
 *(.data)
 *(.data*)
 .data.ia_offset_adc
                0x20000000        0x4 ./Core/Src/app.o
                0x20000000                ia_offset_adc
 .data.ib_offset_adc
                0x20000004        0x4 ./Core/Src/app.o
                0x20000004                ib_offset_adc
 .data.step.0   0x20000008        0x1 ./Core/Src/app.o
 *fill*         0x20000009        0x3 
 .data.active_buf
                0x2000000c        0x4 ./Core/Src/debug.o
 .data.send_buf
                0x20000010        0x4 ./Core/Src/debug.o
 .data.SystemCoreClock
                0x20000014        0x4 ./Core/Src/system_stm32g4xx.o
                0x20000014                SystemCoreClock
 .data.uwTickPrio
                0x20000018        0x4 ./Drivers/STM32G4xx_HAL_Driver/Src/stm32g4xx_hal.o
                0x20000018                uwTickPrio
 .data.uwTickFreq
                0x2000001c        0x4 ./Drivers/STM32G4xx_HAL_Driver/Src/stm32g4xx_hal.o
                0x2000001c                uwTickFreq
 .data._impure_ptr
                0x20000020        0x4 D:/Installed Software/STM32CubeIDE_1.19.0/STM32CubeIDE/plugins/com.st.stm32cube.ide.mcu.externaltools.gnu-tools-for-stm32.14.3.rel1.win32_1.0.100.202602081740/tools/bin/../lib/gcc/arm-none-eabi/14.3.1/../../../../arm-none-eabi/lib/thumb/v7e-m+fp/hard\libc_nano.a(libc_a-impure.o)
                0x20000020                _impure_ptr
 .data._impure_data
                0x20000024       0x4c D:/Installed Software/STM32CubeIDE_1.19.0/STM32CubeIDE/plugins/com.st.stm32cube.ide.mcu.externaltools.gnu-tools-for-stm32.14.3.rel1.win32_1.0.100.202602081740/tools/bin/../lib/gcc/arm-none-eabi/14.3.1/../../../../arm-none-eabi/lib/thumb/v7e-m+fp/hard\libc_nano.a(libc_a-impure.o)
                0x20000024                _impure_data
 *(.RamFunc)
 *(.RamFunc*)
                0x20000070                        . = ALIGN (0x4)
                0x20000070                        _edata = .

.igot.plt       0x20000070        0x0 load address 0x0800e0b8
 .igot.plt      0x20000070        0x0 D:/Installed Software/STM32CubeIDE_1.19.0/STM32CubeIDE/plugins/com.st.stm32cube.ide.mcu.externaltools.gnu-tools-for-stm32.14.3.rel1.win32_1.0.100.202602081740/tools/bin/../lib/gcc/arm-none-eabi/14.3.1/thumb/v7e-m+fp/hard/crtbegin.o
                0x20000070                        . = ALIGN (0x4)

.bss            0x20000070     0x14bc load address 0x0800e0b8
                0x20000070                        _sbss = .
                0x20000070                        __bss_start__ = _sbss
 *(.bss)
 .bss           0x20000070       0x1c D:/Installed Software/STM32CubeIDE_1.19.0/STM32CubeIDE/plugins/com.st.stm32cube.ide.mcu.externaltools.gnu-tools-for-stm32.14.3.rel1.win32_1.0.100.202602081740/tools/bin/../lib/gcc/arm-none-eabi/14.3.1/thumb/v7e-m+fp/hard/crtbegin.o
 *(.bss*)
 .bss.theta     0x2000008c        0x4 ./Core/Src/app.o
                0x2000008c                theta
 .bss.forced_step_count
                0x20000090        0x4 ./Core/Src/app.o
                0x20000090                forced_step_count
 .bss.foc_active
                0x20000094        0x1 ./Core/Src/app.o
                0x20000094                foc_active
 *fill*         0x20000095        0x3 
 .bss.v_alpha_ol
                0x20000098        0x4 ./Core/Src/app.o
                0x20000098                v_alpha_ol
 .bss.v_beta_ol
                0x2000009c        0x4 ./Core/Src/app.o
                0x2000009c                v_beta_ol
 .bss.drv       0x200000a0        0xc ./Core/Src/app.o
                0x200000a0                drv
 .bss.smo       0x200000ac       0x44 ./Core/Src/app.o
                0x200000ac                smo
 .bss.pll       0x200000f0       0x1c ./Core/Src/app.o
                0x200000f0                pll
 .bss.log_buf1  0x2000010c      0x400 ./Core/Src/debug.o
 .bss.log_buf2  0x2000050c      0x400 ./Core/Src/debug.o
 .bss.log_index
                0x2000090c        0x2 ./Core/Src/debug.o
 *fill*         0x2000090e        0x2 
 .bss.LPF_Alpha
                0x20000910        0xb ./Core/Src/llrlpf.o
                0x20000910                LPF_Alpha
 *fill*         0x2000091b        0x1 
 .bss.LPF_Output
                0x2000091c       0x2c ./Core/Src/llrlpf.o
                0x2000091c                LPF_Output
 .bss.hadc1     0x20000948       0x6c ./Core/Src/main.o
                0x20000948                hadc1
 .bss.hadc2     0x200009b4       0x6c ./Core/Src/main.o
                0x200009b4                hadc2
 .bss.hdma_adc1
                0x20000a20       0x60 ./Core/Src/main.o
                0x20000a20                hdma_adc1
 .bss.hdma_adc2
                0x20000a80       0x60 ./Core/Src/main.o
                0x20000a80                hdma_adc2
 .bss.hspi1     0x20000ae0       0x64 ./Core/Src/main.o
                0x20000ae0                hspi1
 .bss.htim1     0x20000b44       0x4c ./Core/Src/main.o
                0x20000b44                htim1
 .bss.htim6     0x20000b90       0x4c ./Core/Src/main.o
                0x20000b90                htim6
 .bss.htim8     0x20000bdc       0x4c ./Core/Src/main.o
                0x20000bdc                htim8
 .bss.huart3    0x20000c28       0x94 ./Core/Src/main.o
                0x20000c28                huart3
 .bss.hdma_usart3_tx
                0x20000cbc       0x60 ./Core/Src/main.o
                0x20000cbc                hdma_usart3_tx
 .bss.hdma_usart3_rx
                0x20000d1c       0x60 ./Core/Src/main.o
                0x20000d1c                hdma_usart3_rx
 .bss.hpcd_USB_FS
                0x20000d7c      0x2dc ./Core/Src/main.o
                0x20000d7c                hpcd_USB_FS
 .bss.htim17    0x20001058       0x4c ./Core/Src/main.o
                0x20001058                htim17
 .bss.adc1_buffer
                0x200010a4        0x4 ./Core/Src/main.o
                0x200010a4                adc1_buffer
 .bss.adc2_buffer
                0x200010a8        0x8 ./Core/Src/main.o
                0x200010a8                adc2_buffer
 .bss.c_asense_adc
                0x200010b0        0x4 ./Core/Src/main.o
                0x200010b0                c_asense_adc
 .bss.c_bsense_adc
                0x200010b4        0x4 ./Core/Src/main.o
                0x200010b4                c_bsense_adc
 .bss.updateFlag
                0x200010b8        0x1 ./Core/Src/main.o
                0x200010b8                updateFlag
 *fill*         0x200010b9        0x3 
 .bss.HAL_RCC_ADC12_CLK_ENABLED
                0x200010bc        0x4 ./Core/Src/stm32g4xx_hal_msp.o
 .bss.__sbrk_heap_end
                0x200010c0        0x4 ./Core/Src/sysmem.o
 .bss.Timebase_type
                0x200010c4      0x318 ./Core/Src/timebase.o
                0x200010c4                Timebase_type
 .bss.Timebase  0x200013dc        0x4 ./Core/Src/timebase.o
                0x200013dc                Timebase
 .bss.uwTick    0x200013e0        0x4 ./Drivers/STM32G4xx_HAL_Driver/Src/stm32g4xx_hal.o
                0x200013e0                uwTick
 .bss.__sf      0x200013e4      0x138 D:/Installed Software/STM32CubeIDE_1.19.0/STM32CubeIDE/plugins/com.st.stm32cube.ide.mcu.externaltools.gnu-tools-for-stm32.14.3.rel1.win32_1.0.100.202602081740/tools/bin/../lib/gcc/arm-none-eabi/14.3.1/../../../../arm-none-eabi/lib/thumb/v7e-m+fp/hard\libc_nano.a(libc_a-findfp.o)
                0x200013e4                __sf
 .bss.errno     0x2000151c        0x4 D:/Installed Software/STM32CubeIDE_1.19.0/STM32CubeIDE/plugins/com.st.stm32cube.ide.mcu.externaltools.gnu-tools-for-stm32.14.3.rel1.win32_1.0.100.202602081740/tools/bin/../lib/gcc/arm-none-eabi/14.3.1/../../../../arm-none-eabi/lib/thumb/v7e-m+fp/hard\libc_nano.a(libc_a-reent.o)
                0x2000151c                errno
 .bss.__lock___malloc_recursive_mutex
                0x20001520        0x1 D:/Installed Software/STM32CubeIDE_1.19.0/STM32CubeIDE/plugins/com.st.stm32cube.ide.mcu.externaltools.gnu-tools-for-stm32.14.3.rel1.win32_1.0.100.202602081740/tools/bin/../lib/gcc/arm-none-eabi/14.3.1/../../../../arm-none-eabi/lib/thumb/v7e-m+fp/hard\libc_nano.a(libc_a-lock.o)
                0x20001520                __lock___malloc_recursive_mutex
 *fill*         0x20001521        0x3 
 .bss.__malloc_sbrk_start
                0x20001524        0x4 D:/Installed Software/STM32CubeIDE_1.19.0/STM32CubeIDE/plugins/com.st.stm32cube.ide.mcu.externaltools.gnu-tools-for-stm32.14.3.rel1.win32_1.0.100.202602081740/tools/bin/../lib/gcc/arm-none-eabi/14.3.1/../../../../arm-none-eabi/lib/thumb/v7e-m+fp/hard\libc_nano.a(libc_a-mallocr.o)
                0x20001524                __malloc_sbrk_start
 .bss.__malloc_free_list
                0x20001528        0x4 D:/Installed Software/STM32CubeIDE_1.19.0/STM32CubeIDE/plugins/com.st.stm32cube.ide.mcu.externaltools.gnu-tools-for-stm32.14.3.rel1.win32_1.0.100.202602081740/tools/bin/../lib/gcc/arm-none-eabi/14.3.1/../../../../arm-none-eabi/lib/thumb/v7e-m+fp/hard\libc_nano.a(libc_a-mallocr.o)
                0x20001528                __malloc_free_list
 *(COMMON)
                0x2000152c                        . = ALIGN (0x4)
                0x2000152c                        _ebss = .
                0x2000152c                        __bss_end__ = _ebss

._user_heap_stack
                0x2000152c      0x604 load address 0x0800e0b8
                0x20001530                        . = ALIGN (0x8)
 *fill*         0x2000152c        0x4 
                [!provide]                        PROVIDE (end = .)
                0x20001530                        PROVIDE (_end = .)
                0x20001730                        . = (. + _Min_Heap_Size)
 *fill*         0x20001530      0x200 
                0x20001b30                        . = (. + _Min_Stack_Size)
 *fill*         0x20001730      0x400 
                0x20001b30                        . = ALIGN (0x8)

/DISCARD/
 libc.a(*)
 libm.a(*)
 libgcc.a(*)

.ARM.attributes
                0x00000000       0x30
 *(.ARM.attributes)
 .ARM.attributes
                0x00000000       0x22 D:/Installed Software/STM32CubeIDE_1.19.0/STM32CubeIDE/plugins/com.st.stm32cube.ide.mcu.externaltools.gnu-tools-for-stm32.14.3.rel1.win32_1.0.100.202602081740/tools/bin/../lib/gcc/arm-none-eabi/14.3.1/thumb/v7e-m+fp/hard/crti.o
 .ARM.attributes
                0x00000022       0x34 D:/Installed Software/STM32CubeIDE_1.19.0/STM32CubeIDE/plugins/com.st.stm32cube.ide.mcu.externaltools.gnu-tools-for-stm32.14.3.rel1.win32_1.0.100.202602081740/tools/bin/../lib/gcc/arm-none-eabi/14.3.1/thumb/v7e-m+fp/hard/crtbegin.o
 .ARM.attributes
                0x00000056       0x34 ./Core/Src/app.o
 .ARM.attributes
                0x0000008a       0x34 ./Core/Src/debug.o
 .ARM.attributes
                0x000000be       0x34 ./Core/Src/drv8301.o
 .ARM.attributes
                0x000000f2       0x34 ./Core/Src/foc_transforms.o
 .ARM.attributes
                0x00000126       0x34 ./Core/Src/llrlpf.o
 .ARM.attributes
                0x0000015a       0x34 ./Core/Src/main.o
 .ARM.attributes
                0x0000018e       0x34 ./Core/Src/motor.o
 .ARM.attributes
                0x000001c2       0x34 ./Core/Src/sensor.o
 .ARM.attributes
                0x000001f6       0x34 ./Core/Src/smo.o
 .ARM.attributes
                0x0000022a       0x34 ./Core/Src/stm32g4xx_hal_msp.o
 .ARM.attributes
                0x0000025e       0x34 ./Core/Src/stm32g4xx_it.o
 .ARM.attributes
                0x00000292       0x34 ./Core/Src/sysmem.o
 .ARM.attributes
                0x000002c6       0x34 ./Core/Src/system_stm32g4xx.o
 .ARM.attributes
                0x000002fa       0x34 ./Core/Src/timebase.o
 .ARM.attributes
                0x0000032e       0x21 ./Core/Startup/startup_stm32g431cbtx.o
 .ARM.attributes
                0x0000034f       0x34 ./Drivers/STM32G4xx_HAL_Driver/Src/stm32g4xx_hal.o
 .ARM.attributes
                0x00000383       0x34 ./Drivers/STM32G4xx_HAL_Driver/Src/stm32g4xx_hal_adc.o
 .ARM.attributes
                0x000003b7       0x34 ./Drivers/STM32G4xx_HAL_Driver/Src/stm32g4xx_hal_adc_ex.o
 .ARM.attributes
                0x000003eb       0x34 ./Drivers/STM32G4xx_HAL_Driver/Src/stm32g4xx_hal_cortex.o
 .ARM.attributes
                0x0000041f       0x34 ./Drivers/STM32G4xx_HAL_Driver/Src/stm32g4xx_hal_dma.o
 .ARM.attributes
                0x00000453       0x34 ./Drivers/STM32G4xx_HAL_Driver/Src/stm32g4xx_hal_gpio.o
 .ARM.attributes
                0x00000487       0x34 ./Drivers/STM32G4xx_HAL_Driver/Src/stm32g4xx_hal_pcd.o
 .ARM.attributes
                0x000004bb       0x34 ./Drivers/STM32G4xx_HAL_Driver/Src/stm32g4xx_hal_pcd_ex.o
 .ARM.attributes