../Core/Src/timebase.c:207:6:Timebase_Struct_Init	16	static
../Core/Src/timebase.c:300:6:Timebase_Timer_Enable	24	static
../Core/Src/timebase.c:325:6:Timebase_Timer_Disable	8	static
../Core/Src/timebase.c:348:6:Timebase_Atomic_Operation_Start	4	static,ignoring_inline_asm
../Core/Src/timebase.c:352:6:Timebase_Atomic_Operation_End	4	static,ignoring_inline_asm
../Core/Src/timebase.c:358:6:TIM1_TRG_COM_TIM17_IRQHandler	8	static
../Core/Src/timebase.c:437:10:Timebase_Timer_Get_SubSecondsShadow	4	static
../Core/Src/timebase.c:441:10:Timebase_Timer_Get_SecondsUpTime	4	static
../Core/Src/timebase.c:445:9:Timebase_Timer_Get_SecondsShadow	4	static
../Core/Src/timebase.c:450:10:Timebase_Timer_Get_SubSeconds	4	static
../Core/Src/timebase.c:455:9:Timebase_Timer_Get_Seconds	4	static
../Core/Src/timebase.c:460:6:Timebase_Timer_Set_SubSeconds	16	static
../Core/Src/timebase.c:464:6:Timebase_Timer_Set_SubSecondsShadow	16	static
../Core/Src/timebase.c:474:6:Timebase_Timer_Set_SubSecondsUpTime	16	static
../Core/Src/timebase.c:484:6:Timebase_Timer_Set_Seconds	16	static
../Core/Src/timebase.c:489:10:Timebase_Timer_Get_SubSecondsShadow_Securely	16	static
../Core/Src/timebase.c:501:10:Timebase_Timer_Get_SubSecondsUpTime_Securely	16	static
../Core/Src/timebase.c:513:9:Timebase_Timer_Get_SecondsShadow_Securely	16	static
../Core/Src/timebase.c:525:6:Timebase_Timer_Sync_With_Shadow_Variables	8	static
../Core/Src/timebase.c:544:6:Timebase_Timer_Delay_SubSeconds	40	static
../Core/Src/timebase.c:583:6:Timebase_Timer_Await_SubSeconds	24	static
../Core/Src/timebase.c:621:6:Timebase_Timer_Delay_Seconds	24	static
../Core/Src/timebase.c:722:6:Timebase_Window_Timer_Reset	4	static
../Core/Src/timebase.c:729:6:Timebase_Window_Timer_Start	16	static
../Core/Src/timebase.c:740:9:Timebase_Window_Timer_Get_Interval	16	static
../Core/Src/timebase.c:758:9:Timebase_Window_Timer_Get_Interval_Reset	16	static
../Core/Src/timebase.c:1357:9:Timebase_DownCounter_SS_Get_Status	16	static
../Core/Src/timebase.c:1362:6:Timebase_DownCounter_SS_Set_Status	16	static
../Core/Src/timebase.c:1367:9:Timebase_DownCounter_SS_Get_Value	16	static
../Core/Src/timebase.c:1372:6:Timebase_DownCounter_SS_Set_Value	16	static
../Core/Src/timebase.c:1377:9:Timebase_DownCounter_SS_Get_EndValueSec	16	static
../Core/Src/timebase.c:1382:9:Timebase_DownCounter_SS_Get_EndValueSubSec	16	static
../Core/Src/timebase.c:1387:6:Timebase_DownCounter_SS_Set_EndValueSec	16	static
../Core/Src/timebase.c:1392:6:Timebase_DownCounter_SS_Set_EndValueSubSec	16	static
../Core/Src/timebase.c:1397:9:Timebase_DownCounter_SS_Get_PeriodValue	16	static
../Core/Src/timebase.c:1402:6:Timebase_DownCounter_SS_Set_PeriodValue	16	static
../Core/Src/timebase.c:1411:9:Timebase_DownCounter_SS_Get_Period_Flag	16	static
../Core/Src/timebase.c:1416:6:Timebase_DownCounter_SS_Set_Period_Flag	16	static
../Core/Src/timebase.c:1421:6:Timebase_DownCounter_SS_Clear_Period_Flag	16	static
../Core/Src/timebase.c:1425:9:Timebase_DownCounter_SS_Get_ReloadValue	16	static
../Core/Src/timebase.c:1429:6:Timebase_DownCounter_SS_Set_ReloadValue	16	static
../Core/Src/timebase.c:1434:6:Timebase_DownCounter_SS_Reset	16	static
../Core/Src/timebase.c:1444:6:Timebase_DownCounter_SS_Clear_All_Flags	16	static
../Core/Src/timebase.c:1449:6:Timebase_DownCounter_SS_Start	16	static
../Core/Src/timebase.c:1456:6:Timebase_DownCounter_SS_Stop	16	static
../Core/Src/timebase.c:1463:6:Timebase_DownCounter_SS_Set_Securely	32	static
../Core/Src/timebase.c:1485:6:Timebase_DownCounter_SS_Set_Forcefully	16	static
../Core/Src/timebase.c:1492:6:Timebase_DownCounter_SS_Update	40	static
../Core/Src/timebase.c:1521:9:Timebase_DownCounter_SS_Expired	16	static
../Core/Src/timebase.c:1530:9:Timebase_DownCounter_SS_Expired_Event	16	static
../Core/Src/timebase.c:1540:9:Timebase_DownCounter_SS_Oneshot_Expired_Event	16	static
../Core/Src/timebase.c:1545:9:Timebase_DownCounter_SS_Continuous_Expired_Event	24	static
../Core/Src/timebase.c:1557:6:Timebase_DownCounter_SS_Set_Period_Value_Securely	16	static
../Core/Src/timebase.c:1565:9:Timebase_DownCounter_SS_Get_Remaining_Period_Value	32	static
../Core/Src/timebase.c:1574:9:Timebase_DownCounter_SS_Period_Value_Expired	16	static
../Core/Src/timebase.c:1583:9:Timebase_DownCounter_SS_Period_Value_Expired_Event	16	static
../Core/Src/timebase.c:1593:6:Timebase_DownCounter_SS_Update_All	16	static
../Core/Src/timebase.c:1600:6:Timebase_DownCounter_SS_Reset_All	16	static
../Core/Src/timebase.c:1620:9:Timebase_DownCounter_Get_Status	16	static
../Core/Src/timebase.c:1625:6:Timebase_DownCounter_Set_Status	16	static
../Core/Src/timebase.c:1630:9:Timebase_DownCounter_Get_Value	16	static
../Core/Src/timebase.c:1635:6:Timebase_DownCounter_Set_Value	16	static
../Core/Src/timebase.c:1640:9:Timebase_DownCounter_Get_EndValue	16	static
../Core/Src/timebase.c:1645:6:Timebase_DownCounter_Set_EndValue	16	static
../Core/Src/timebase.c:1650:9:Timebase_DownCounter_Get_PeriodValue	16	static
../Core/Src/timebase.c:1655:6:Timebase_DownCounter_Set_PeriodValue	16	static
../Core/Src/timebase.c:1664:9:Timebase_DownCounter_Get_Period_Flag	16	static
../Core/Src/timebase.c:1669:6:Timebase_DownCounter_Set_Period_Flag	16	static
../Core/Src/timebase.c:1674:6:Timebase_DownCounter_Clear_Period_Flag	16	static
../Core/Src/timebase.c:1678:9:Timebase_DownCounter_Get_ReloadValue	16	static
../Core/Src/timebase.c:1682:6:Timebase_DownCounter_Set_ReloadValue	16	static
../Core/Src/timebase.c:1687:6:Timebase_DownCounter_Reset	16	static
../Core/Src/timebase.c:1696:6:Timebase_DownCounter_Clear_All_Flags	16	static
../Core/Src/timebase.c:1701:6:Timebase_DownCounter_Start	16	static
../Core/Src/timebase.c:1708:6:Timebase_DownCounter_Stop	16	static
../Core/Src/timebase.c:1715:6:Timebase_DownCounter_Set_Securely	16	static
../Core/Src/timebase.c:1725:6:Timebase_DownCounter_Set_Forcefully	16	static
../Core/Src/timebase.c:1732:6:Timebase_DownCounter_Update	32	static
../Core/Src/timebase.c:1747:9:Timebase_DownCounter_Expired	16	static
../Core/Src/timebase.c:1756:9:Timebase_DownCounter_Expired_Event	16	static
../Core/Src/timebase.c:1766:6:Timebase_DownCounter_Set_Period_Value_Securely	16	static
../Core/Src/timebase.c:1774:9:Timebase_DownCounter_Get_Remaining_Period_Value	32	static
../Core/Src/timebase.c:1783:9:Timebase_DownCounter_Period_Value_Expired	16	static
../Core/Src/timebase.c:1792:9:Timebase_DownCounter_Period_Value_Expired_Event	16	static
../Core/Src/timebase.c:1802:9:Timebase_DownCounter_Oneshot_Expired_Event	16	static
../Core/Src/timebase.c:1807:9:Timebase_DownCounter_Continuous_Expired_Event	24	static
../Core/Src/timebase.c:1819:6:Timebase_DownCounter_Update_All	16	static
../Core/Src/timebase.c:1826:6:Timebase_DownCounter_Reset_All	16	static
../Core/Src/timebase.c:2069:10:Timebase_Get_Update_Req_Sts	4	static
../Core/Src/timebase.c:2074:6:Timebase_Reset	8	static
../Core/Src/timebase.c:2089:6:Timebase_LP_Reset	4	static
../Core/Src/timebase.c:2096:6:Timebase_Init	16	static
../Core/Src/timebase.c:2110:6:Timebase_Main_Loop_Executables	8	static
../Core/Src/timebase.c:2156:6:Timebase_ISR_Executables	4	static
../Core/Src/timebase.c:2183:6:Timebase_LP_ISR_Executables	4	static
