../Core/Src/timebase.c:207:6:Timebase_Struct_Init	16	static
../Core/Src/timebase.c:300:6:Timebase_Timer_Enable	24	static
../Core/Src/timebase.c:325:6:Timebase_Timer_Disable	8	static
../Core/Src/timebase.c:348:6:Timebase_Atomic_Operation_Start	4	static,ignoring_inline_asm
../Core/Src/timebase.c:352:6:Timebase_Atomic_Operation_End	4	static,ignoring_inline_asm
../Core/Src/timebase.c:358:6:TIM1_TRG_COM_TIM17_IRQHandler	8	static
../Core/Src/timebase.c:362:6:HAL_TIM_PeriodElapsedCallback	16	static
../Core/Src/timebase.c:435:10:Timebase_Timer_Get_SubSecondsShadow	4	static
../Core/Src/timebase.c:439:10:Timebase_Timer_Get_SecondsUpTime	4	static
../Core/Src/timebase.c:443:9:Timebase_Timer_Get_SecondsShadow	4	static
../Core/Src/timebase.c:448:10:Timebase_Timer_Get_SubSeconds	4	static
../Core/Src/timebase.c:453:9:Timebase_Timer_Get_Seconds	4	static
../Core/Src/timebase.c:458:6:Timebase_Timer_Set_SubSeconds	16	static
../Core/Src/timebase.c:462:6:Timebase_Timer_Set_SubSecondsShadow	16	static
../Core/Src/timebase.c:472:6:Timebase_Timer_Set_SubSecondsUpTime	16	static
../Core/Src/timebase.c:482:6:Timebase_Timer_Set_Seconds	16	static
../Core/Src/timebase.c:487:10:Timebase_Timer_Get_SubSecondsShadow_Securely	16	static
../Core/Src/timebase.c:499:10:Timebase_Timer_Get_SubSecondsUpTime_Securely	16	static
../Core/Src/timebase.c:511:9:Timebase_Timer_Get_SecondsShadow_Securely	16	static
../Core/Src/timebase.c:523:6:Timebase_Timer_Sync_With_Shadow_Variables	8	static
../Core/Src/timebase.c:542:6:Timebase_Timer_Delay_SubSeconds	40	static
../Core/Src/timebase.c:581:6:Timebase_Timer_Await_SubSeconds	24	static
../Core/Src/timebase.c:619:6:Timebase_Timer_Delay_Seconds	24	static
../Core/Src/timebase.c:720:6:Timebase_Window_Timer_Reset	4	static
../Core/Src/timebase.c:727:6:Timebase_Window_Timer_Start	16	static
../Core/Src/timebase.c:738:9:Timebase_Window_Timer_Get_Interval	16	static
../Core/Src/timebase.c:756:9:Timebase_Window_Timer_Get_Interval_Reset	16	static
../Core/Src/timebase.c:1355:9:Timebase_DownCounter_SS_Get_Status	16	static
../Core/Src/timebase.c:1360:6:Timebase_DownCounter_SS_Set_Status	16	static
../Core/Src/timebase.c:1365:9:Timebase_DownCounter_SS_Get_Value	16	static
../Core/Src/timebase.c:1370:6:Timebase_DownCounter_SS_Set_Value	16	static
../Core/Src/timebase.c:1375:9:Timebase_DownCounter_SS_Get_EndValueSec	16	static
../Core/Src/timebase.c:1380:9:Timebase_DownCounter_SS_Get_EndValueSubSec	16	static
../Core/Src/timebase.c:1385:6:Timebase_DownCounter_SS_Set_EndValueSec	16	static
../Core/Src/timebase.c:1390:6:Timebase_DownCounter_SS_Set_EndValueSubSec	16	static
../Core/Src/timebase.c:1395:9:Timebase_DownCounter_SS_Get_PeriodValue	16	static
../Core/Src/timebase.c:1400:6:Timebase_DownCounter_SS_Set_PeriodValue	16	static
../Core/Src/timebase.c:1409:9:Timebase_DownCounter_SS_Get_Period_Flag	16	static
../Core/Src/timebase.c:1414:6:Timebase_DownCounter_SS_Set_Period_Flag	16	static
../Core/Src/timebase.c:1419:6:Timebase_DownCounter_SS_Clear_Period_Flag	16	static
../Core/Src/timebase.c:1423:9:Timebase_DownCounter_SS_Get_ReloadValue	16	static
../Core/Src/timebase.c:1427:6:Timebase_DownCounter_SS_Set_ReloadValue	16	static
../Core/Src/timebase.c:1432:6:Timebase_DownCounter_SS_Reset	16	static
../Core/Src/timebase.c:1442:6:Timebase_DownCounter_SS_Clear_All_Flags	16	static
../Core/Src/timebase.c:1447:6:Timebase_DownCounter_SS_Start	16	static
../Core/Src/timebase.c:1454:6:Timebase_DownCounter_SS_Stop	16	static
../Core/Src/timebase.c:1461:6:Timebase_DownCounter_SS_Set_Securely	32	static
../Core/Src/timebase.c:1483:6:Timebase_DownCounter_SS_Set_Forcefully	16	static
../Core/Src/timebase.c:1490:6:Timebase_DownCounter_SS_Update	40	static
../Core/Src/timebase.c:1519:9:Timebase_DownCounter_SS_Expired	16	static
../Core/Src/timebase.c:1528:9:Timebase_DownCounter_SS_Expired_Event	16	static
../Core/Src/timebase.c:1538:9:Timebase_DownCounter_SS_Oneshot_Expired_Event	16	static
../Core/Src/timebase.c:1543:9:Timebase_DownCounter_SS_Continuous_Expired_Event	24	static
../Core/Src/timebase.c:1555:6:Timebase_DownCounter_SS_Set_Period_Value_Securely	16	static
../Core/Src/timebase.c:1563:9:Timebase_DownCounter_SS_Get_Remaining_Period_Value	32	static
../Core/Src/timebase.c:1572:9:Timebase_DownCounter_SS_Period_Value_Expired	16	static
../Core/Src/timebase.c:1581:9:Timebase_DownCounter_SS_Period_Value_Expired_Event	16	static
../Core/Src/timebase.c:1591:6:Timebase_DownCounter_SS_Update_All	16	static
../Core/Src/timebase.c:1598:6:Timebase_DownCounter_SS_Reset_All	16	static
../Core/Src/timebase.c:1618:9:Timebase_DownCounter_Get_Status	16	static
../Core/Src/timebase.c:1623:6:Timebase_DownCounter_Set_Status	16	static
../Core/Src/timebase.c:1628:9:Timebase_DownCounter_Get_Value	16	static
../Core/Src/timebase.c:1633:6:Timebase_DownCounter_Set_Value	16	static
../Core/Src/timebase.c:1638:9:Timebase_DownCounter_Get_EndValue	16	static
../Core/Src/timebase.c:1643:6:Timebase_DownCounter_Set_EndValue	16	static
../Core/Src/timebase.c:1648:9:Timebase_DownCounter_Get_PeriodValue	16	static
../Core/Src/timebase.c:1653:6:Timebase_DownCounter_Set_PeriodValue	16	static
../Core/Src/timebase.c:1662:9:Timebase_DownCounter_Get_Period_Flag	16	static
../Core/Src/timebase.c:1667:6:Timebase_DownCounter_Set_Period_Flag	16	static
../Core/Src/timebase.c:1672:6:Timebase_DownCounter_Clear_Period_Flag	16	static
../Core/Src/timebase.c:1676:9:Timebase_DownCounter_Get_ReloadValue	16	static
../Core/Src/timebase.c:1680:6:Timebase_DownCounter_Set_ReloadValue	16	static
../Core/Src/timebase.c:1685:6:Timebase_DownCounter_Reset	16	static
../Core/Src/timebase.c:1694:6:Timebase_DownCounter_Clear_All_Flags	16	static
../Core/Src/timebase.c:1699:6:Timebase_DownCounter_Start	16	static
../Core/Src/timebase.c:1706:6:Timebase_DownCounter_Stop	16	static
../Core/Src/timebase.c:1713:6:Timebase_DownCounter_Set_Securely	16	static
../Core/Src/timebase.c:1723:6:Timebase_DownCounter_Set_Forcefully	16	static
../Core/Src/timebase.c:1730:6:Timebase_DownCounter_Update	32	static
../Core/Src/timebase.c:1745:9:Timebase_DownCounter_Expired	16	static
../Core/Src/timebase.c:1754:9:Timebase_DownCounter_Expired_Event	16	static
../Core/Src/timebase.c:1764:6:Timebase_DownCounter_Set_Period_Value_Securely	16	static
../Core/Src/timebase.c:1772:9:Timebase_DownCounter_Get_Remaining_Period_Value	32	static
../Core/Src/timebase.c:1781:9:Timebase_DownCounter_Period_Value_Expired	16	static
../Core/Src/timebase.c:1790:9:Timebase_DownCounter_Period_Value_Expired_Event	16	static
../Core/Src/timebase.c:1800:9:Timebase_DownCounter_Oneshot_Expired_Event	16	static
../Core/Src/timebase.c:1805:9:Timebase_DownCounter_Continuous_Expired_Event	24	static
../Core/Src/timebase.c:1817:6:Timebase_DownCounter_Update_All	16	static
../Core/Src/timebase.c:1824:6:Timebase_DownCounter_Reset_All	16	static
../Core/Src/timebase.c:2067:10:Timebase_Get_Update_Req_Sts	4	static
../Core/Src/timebase.c:2072:6:Timebase_Reset	8	static
../Core/Src/timebase.c:2087:6:Timebase_LP_Reset	4	static
../Core/Src/timebase.c:2094:6:Timebase_Init	16	static
../Core/Src/timebase.c:2108:6:Timebase_Main_Loop_Executables	8	static
../Core/Src/timebase.c:2154:6:Timebase_ISR_Executables	4	static
../Core/Src/timebase.c:2181:6:Timebase_LP_ISR_Executables	4	static
